 Soma

 Timestamp is 3a802d34 (Wed Feb 07 01:58:28 2001)

 Preferred load address is 00400000

 Start         Length     Name                   Class
 0001:00000000 000ea4aeH .text                   CODE
 0001:000ea4b0 0000002aH .text$AFX_COL1          CODE
 0001:000ea4e0 000078e8H .text$x                 CODE
 0002:00000000 00006f6cH .rdata                  DATA
 0002:00006f70 00000044H .rdata$r                DATA
 0002:00006fb8 000071d0H .xdata$x                DATA
 0002:0000e188 00000000H .edata                  DATA
 0003:00000000 00000004H .CRT$XCA                DATA
 0003:00000004 00000004H .CRT$XCL                DATA
 0003:00000008 00000130H .CRT$XCU                DATA
 0003:00000138 00000004H .CRT$XCZ                DATA
 0003:0000013c 00000004H .CRT$XIA                DATA
 0003:00000140 00000004H .CRT$XIZ                DATA
 0003:00000150 00001839H .data                   DATA
 0003:00001990 001a41c8H .bss                    DATA
 0004:00000000 000000dcH .idata$2                DATA
 0004:000000dc 00000014H .idata$3                DATA
 0004:000000f0 00000a48H .idata$4                DATA
 0004:00000b38 00000a48H .idata$5                DATA
 0004:00001580 00001908H .idata$6                DATA
 0005:00000000 000004c0H .rsrc$01                DATA
 0005:000004c0 00002158H .rsrc$02                DATA

  Address         Publics by Value              Rva+Base     Lib:Object

 0001:00000000       ??0_TILE_SUB_SET_DATA_TOOL@@QAE@XZ 00401000 f   _tile_sub_set_data_tool.obj
 0001:00000070       ??_G_TILE_SUB_SET_DATA_TOOL@@UAEPAXI@Z 00401070 f i _tile_sub_set_data_tool.obj
 0001:000000d0       ??1_TILE_SUB_SET_DATA_TOOL@@UAE@XZ 004010d0 f   _tile_sub_set_data_tool.obj
 0001:00000110       ?Save@_TILE_SUB_SET_DATA_TOOL@@QAEXAAVCFile@@@Z 00401110 f   _tile_sub_set_data_tool.obj
 0001:00000240       ?Load@_TILE_SUB_SET_DATA_TOOL@@QAEXAAVCFile@@@Z 00401240 f   _tile_sub_set_data_tool.obj
 0001:00000400       ?Alloc@_TILE_SUB_SET_DATA_TOOL@@QAEHHH@Z 00401400 f   _tile_sub_set_data_tool.obj
 0001:000005a0       ?Release@_TILE_SUB_SET_DATA_TOOL@@QAEXXZ 004015a0 f   _tile_sub_set_data_tool.obj
 0001:00000670       ??4_TILE_SUB_SET_DATA_TOOL@@QAEAAV0@AAV0@@Z 00401670 f   _tile_sub_set_data_tool.obj
 0001:00000800       ?Increase@_TILE_SUB_SET_DATA_TOOL@@QAEHH@Z 00401800 f   _tile_sub_set_data_tool.obj
 0001:00000850       ?Decrease@_TILE_SUB_SET_DATA_TOOL@@QAEHH@Z 00401850 f   _tile_sub_set_data_tool.obj
 0001:000008a0       ?Increase@_TILE_SUB_SET_DATA_TOOL@@QAEXXZ 004018a0 f   _tile_sub_set_data_tool.obj
 0001:000008f0       ?Decrease@_TILE_SUB_SET_DATA_TOOL@@QAEXXZ 004018f0 f   _tile_sub_set_data_tool.obj
 0001:00000940       ??0CArmature@@QAE@XZ       00401940 f   Armature.obj
 0001:000009d0       ??_GCArmature@@UAEPAXI@Z   004019d0 f i Armature.obj
 0001:000009d0       ??_ECArmature@@UAEPAXI@Z   004019d0 f i Armature.obj
 0001:00000a30       ??1CArmature@@UAE@XZ       00401a30 f   Armature.obj
 0001:00000a60       ?ReadyData@CArmature@@QAEXHHW4UserDirection@CUser@@@Z 00401a60 f   Armature.obj
 0001:00000bc0       ??0ARMATURE_RES@@QAE@XZ    00401bc0 f   ArmatureManager.obj
 0001:00000c10       ??1ARMATURE_RES@@QAE@XZ    00401c10 f   ArmatureManager.obj
 0001:00000c50       ??0CArmatureManager@@QAE@XZ 00401c50 f   ArmatureManager.obj
 0001:00000ce0       ??_GCArmatureManager@@UAEPAXI@Z 00401ce0 f i ArmatureManager.obj
 0001:00000ce0       ??_ECArmatureManager@@UAEPAXI@Z 00401ce0 f i ArmatureManager.obj
 0001:00000d40       ??_F?$CMap@HHPAVARMATURE_RES@@PAV1@@@QAEXXZ 00401d40 f i ArmatureManager.obj
 0001:00000d80       ??1CArmatureManager@@UAE@XZ 00401d80 f   ArmatureManager.obj
 0001:00000e10       ?RemoveAllData@CArmatureManager@@QAEXXZ 00401e10 f   ArmatureManager.obj
 0001:00000ed0       ??_GARMATURE_RES@@QAEPAXI@Z 00401ed0 f i ArmatureManager.obj
 0001:00000f30       ?LoadAllArmatureRes@CArmatureManager@@QAEXXZ 00401f30 f   ArmatureManager.obj
 0001:00001240       ?LoadArmatureRes@CArmatureManager@@QAEHHH@Z 00402240 f   ArmatureManager.obj
 0001:00001440       ?UnloadArmatureRes@CArmatureManager@@QAEXHH@Z 00402440 f   ArmatureManager.obj
 0001:00001500       ?GetTypeIndexedArmature@CArmatureManager@@QAEPAVCArmatureRes@@HH@Z 00402500 f   ArmatureManager.obj
 0001:00001560       ??0?$CMap@HHPAVARMATURE_RES@@PAV1@@@QAE@H@Z 00402560 f i ArmatureManager.obj
 0001:00001630       ?Lookup@?$CMap@HHPAVARMATURE_RES@@PAV1@@@QBEHHAAPAVARMATURE_RES@@@Z 00402630 f i ArmatureManager.obj
 0001:000016a0       ??A?$CMap@HHPAVARMATURE_RES@@PAV1@@@QAEAAPAVARMATURE_RES@@H@Z 004026a0 f i ArmatureManager.obj
 0001:00001760       ?RemoveKey@?$CMap@HHPAVARMATURE_RES@@PAV1@@@QAEHH@Z 00402760 f i ArmatureManager.obj
 0001:00001820       ?RemoveAll@?$CMap@HHPAVARMATURE_RES@@PAV1@@@QAEXXZ 00402820 f i ArmatureManager.obj
 0001:00001910       ?GetStartPosition@?$CMap@HHPAVARMATURE_RES@@PAV1@@@QBEPAU__POSITION@@XZ 00402910 f i ArmatureManager.obj
 0001:00001940       ?GetNextAssoc@?$CMap@HHPAVARMATURE_RES@@PAV1@@@QBEXAAPAU__POSITION@@AAHAAPAVARMATURE_RES@@@Z 00402940 f i ArmatureManager.obj
 0001:00001ac0       ??1?$CMap@HHPAVARMATURE_RES@@PAV1@@@UAE@XZ 00402ac0 f i ArmatureManager.obj
 0001:00001b60       ?Serialize@?$CMap@HHPAVARMATURE_RES@@PAV1@@@UAEXAAVCArchive@@@Z 00402b60 f i ArmatureManager.obj
 0001:00001cb0       ?Dump@?$CMap@HHPAVARMATURE_RES@@PAV1@@@UBEXAAVCDumpContext@@@Z 00402cb0 f i ArmatureManager.obj
 0001:00001d90       ?AssertValid@?$CMap@HHPAVARMATURE_RES@@PAV1@@@UBEXXZ 00402d90 f i ArmatureManager.obj
 0001:00001e20       ??_G?$CMap@HHPAVARMATURE_RES@@PAV1@@@UAEPAXI@Z 00402e20 f i ArmatureManager.obj
 0001:00001e20       ??_E?$CMap@HHPAVARMATURE_RES@@PAV1@@@UAEPAXI@Z 00402e20 f i ArmatureManager.obj
 0001:00001e70       ?SetAt@?$CMap@HHPAVARMATURE_RES@@PAV1@@@QAEXHPAVARMATURE_RES@@@Z 00402e70 f i ArmatureManager.obj
 0001:00001ec0       ?InitHashTable@?$CMap@HHPAVARMATURE_RES@@PAV1@@@QAEXIH@Z 00402ec0 f i ArmatureManager.obj
 0001:00001fc0       ?NewAssoc@?$CMap@HHPAVARMATURE_RES@@PAV1@@@IAEPAUCAssoc@1@XZ 00402fc0 f i ArmatureManager.obj
 0001:00002100       ?FreeAssoc@?$CMap@HHPAVARMATURE_RES@@PAV1@@@IAEXPAUCAssoc@1@@Z 00403100 f i ArmatureManager.obj
 0001:000021b0       ?GetAssocAt@?$CMap@HHPAVARMATURE_RES@@PAV1@@@IBEPAUCAssoc@1@HAAI@Z 004031b0 f i ArmatureManager.obj
 0001:00002250       ?HashKey@@YGIH@Z           00403250 f i ArmatureManager.obj
 0001:00002280       ?CompareElements@@YGHPBH0@Z 00403280 f i ArmatureManager.obj
 0001:00002310       ?DestructElements@@YGXPAPAVARMATURE_RES@@H@Z 00403310 f i ArmatureManager.obj
 0001:00002390       ?DestructElements@@YGXPAHH@Z 00403390 f i ArmatureManager.obj
 0001:00002410       ?SerializeElements@@YGXAAVCArchive@@PAHH@Z 00403410 f i ArmatureManager.obj
 0001:000024b0       ?SerializeElements@@YGXAAVCArchive@@PAPAVARMATURE_RES@@H@Z 004034b0 f i ArmatureManager.obj
 0001:00002550       ?DumpElements@@YGXAAVCDumpContext@@PBHH@Z 00403550 f i ArmatureManager.obj
 0001:000025b0       ?DumpElements@@YGXAAVCDumpContext@@PBQAVARMATURE_RES@@H@Z 004035b0 f i ArmatureManager.obj
 0001:00002610       ?ConstructElements@@YGXPAHH@Z 00403610 f i ArmatureManager.obj
 0001:000026c0       ??2@YAPAXIPAX@Z            004036c0 f i ArmatureManager.obj
 0001:000026f0       ?ConstructElements@@YGXPAPAVARMATURE_RES@@H@Z 004036f0 f i ArmatureManager.obj
 0001:000027a0       ??0CArmatureRes@@QAE@XZ    004037a0 f   ArmatureRes.obj
 0001:00002820       ??_ECArmatureRes@@UAEPAXI@Z 00403820 f i ArmatureRes.obj
 0001:00002820       ??_GCArmatureRes@@UAEPAXI@Z 00403820 f i ArmatureRes.obj
 0001:00002880       ??1CArmatureRes@@UAE@XZ    00403880 f   ArmatureRes.obj
 0001:00002960       ??_GSPR_DATA@@QAEPAXI@Z    00403960 f i ArmatureRes.obj
 0001:000029c0       ?SetArmatureInfo@CArmatureRes@@QAEHVCString@@HH@Z 004039c0 f   ArmatureRes.obj
 0001:00002ad0       ?LoadElement@CArmatureRes@@QAEHH@Z 00403ad0 f   ArmatureRes.obj
 0001:00002ff0       ?GetPixelFormat@CCharManager@@QAEHXZ 00403ff0 f i ArmatureRes.obj
 0001:00003020       ?LoadArmature@CArmatureRes@@QAEHVCString@@HH@Z 00404020 f   ArmatureRes.obj
 0001:00003530       ?GetSprData@CArmatureRes@@QAEPAVSPR_DATA@@H@Z 00404530 f   ArmatureRes.obj
 0001:000035b0       ??0CArrow@@QAE@XZ          004045b0 f   Arrow.obj
 0001:00003630       ??_ECArrow@@UAEPAXI@Z      00404630 f i Arrow.obj
 0001:00003630       ??_GCArrow@@UAEPAXI@Z      00404630 f i Arrow.obj
 0001:00003690       ??0CArrow@@QAE@ABV0@@Z     00404690 f   Arrow.obj
 0001:00003760       ??0CArrow@@QAE@HVCPoint@@0HHH@Z 00404760 f   Arrow.obj
 0001:00003880       ??4CArrow@@QAEAAV0@ABV0@@Z 00404880 f   Arrow.obj
 0001:00003910       ??1CArrow@@UAE@XZ          00404910 f   Arrow.obj
 0001:00003960       ?DrawLine@CArrow@@QAEXPAVCDDSurface@@VCPoint@@1K@Z 00404960 f   Arrow.obj
 0001:00003a70       ?Draw@CArrow@@QAEHPAVCDDSurface@@PAVCAniObjLSP@@@Z 00404a70 f   Arrow.obj
 0001:00003b50       ?Setrad@CArrow@@SAXXZ      00404b50 f   Arrow.obj
 0001:00003c60       ?SetDirection@CArrow@@QAEHXZ 00404c60 f   Arrow.obj
 0001:00003eb0       ?Move@CArrow@@QAEHXZ       00404eb0 f   Arrow.obj
 0001:000040c0       ?GetPosition@CUser@@QAEAAVCPoint@@XZ 004050c0 f i Arrow.obj
 0001:000040f0       ?GetRoute@CArrow@@QAEHH@Z  004050f0 f   Arrow.obj
 0001:000043b0       ??0CArrowManager@@QAE@XZ   004053b0 f   Arrow.obj
 0001:00004440       ??_GCArrowManager@@UAEPAXI@Z 00405440 f i Arrow.obj
 0001:00004440       ??_ECArrowManager@@UAEPAXI@Z 00405440 f i Arrow.obj
 0001:000044a0       ??1CArrowManager@@UAE@XZ   004054a0 f   Arrow.obj
 0001:00004610       ?Add@CArrowManager@@QAEXHVCPoint@@0HHH@Z 00405610 f   Arrow.obj
 0001:00004770       ?GetDirection@CArrow@@QAEHXZ 00405770 f i Arrow.obj
 0001:000047a0       ?GetIndexedBlood@CArrowManager@@QAEPAVCAniObjLSP@@H@Z 004057a0 f   Arrow.obj
 0001:000047f0       ?Load@CArrowManager@@QAEHHH@Z 004057f0 f   Arrow.obj
 0001:00004a00       ?AddRef@CAniObjLSP@@QAEXXZ 00405a00 f i Arrow.obj
 0001:00004a40       ?DrawArrow@CArrowManager@@QAEHPAVCDDSurface@@@Z 00405a40 f   Arrow.obj
 0001:00004c20       ?Release@CAniObjLSP@@QAEHXZ 00405c20 f i Arrow.obj
 0001:00004c70       ?GetArrowKind@CArrow@@QAEHXZ 00405c70 f i Arrow.obj
 0001:00004ca0       ??0?$CArray@VCPoint@@V1@@@QAE@XZ 00405ca0 f i Arrow.obj
 0001:00004d10       ?GetSize@?$CArray@VCPoint@@V1@@@QBEHXZ 00405d10 f i Arrow.obj
 0001:00004d40       ?GetAt@?$CArray@VCPoint@@V1@@@QBE?AVCPoint@@H@Z 00405d40 f i Arrow.obj
 0001:00004dc0       ?Add@?$CArray@VCPoint@@V1@@@QAEHVCPoint@@@Z 00405dc0 f i Arrow.obj
 0001:00004e10       ?RemoveAt@?$CArray@VCPoint@@V1@@@QAEXHH@Z 00405e10 f i Arrow.obj
 0001:00004f30       ??1?$CArray@VCPoint@@V1@@@UAE@XZ 00405f30 f i Arrow.obj
 0001:00004fe0       ?Serialize@?$CArray@VCPoint@@V1@@@UAEXAAVCArchive@@@Z 00405fe0 f i Arrow.obj
 0001:00005080       ?Dump@?$CArray@VCPoint@@V1@@@UBEXAAVCDumpContext@@@Z 00406080 f i Arrow.obj
 0001:00005120       ?AssertValid@?$CArray@VCPoint@@V1@@@UBEXXZ 00406120 f i Arrow.obj
 0001:00005250       ??0?$CArray@PAVCArrow@@PAV1@@@QAE@XZ 00406250 f i Arrow.obj
 0001:000052c0       ?GetSize@?$CArray@PAVCArrow@@PAV1@@@QBEHXZ 004062c0 f i Arrow.obj
 0001:000052f0       ?GetAt@?$CArray@PAVCArrow@@PAV1@@@QBEPAVCArrow@@H@Z 004062f0 f i Arrow.obj
 0001:00005360       ?Add@?$CArray@PAVCArrow@@PAV1@@@QAEHPAVCArrow@@@Z 00406360 f i Arrow.obj
 0001:000053b0       ?RemoveAt@?$CArray@PAVCArrow@@PAV1@@@QAEXHH@Z 004063b0 f i Arrow.obj
 0001:000054d0       ??1?$CArray@PAVCArrow@@PAV1@@@UAE@XZ 004064d0 f i Arrow.obj
 0001:00005580       ?Serialize@?$CArray@PAVCArrow@@PAV1@@@UAEXAAVCArchive@@@Z 00406580 f i Arrow.obj
 0001:00005620       ?Dump@?$CArray@PAVCArrow@@PAV1@@@UBEXAAVCDumpContext@@@Z 00406620 f i Arrow.obj
 0001:000056c0       ?AssertValid@?$CArray@PAVCArrow@@PAV1@@@UBEXXZ 004066c0 f i Arrow.obj
 0001:000057f0       ??0?$CMap@HHPAVCAniObjLSP@@PAV1@@@QAE@H@Z 004067f0 f i Arrow.obj
 0001:000058c0       ?Lookup@?$CMap@HHPAVCAniObjLSP@@PAV1@@@QBEHHAAPAVCAniObjLSP@@@Z 004068c0 f i Arrow.obj
 0001:00005930       ??A?$CMap@HHPAVCAniObjLSP@@PAV1@@@QAEAAPAVCAniObjLSP@@H@Z 00406930 f i Arrow.obj
 0001:000059f0       ?RemoveKey@?$CMap@HHPAVCAniObjLSP@@PAV1@@@QAEHH@Z 004069f0 f i Arrow.obj
 0001:00005ab0       ?RemoveAll@?$CMap@HHPAVCAniObjLSP@@PAV1@@@QAEXXZ 00406ab0 f i Arrow.obj
 0001:00005ba0       ?GetStartPosition@?$CMap@HHPAVCAniObjLSP@@PAV1@@@QBEPAU__POSITION@@XZ 00406ba0 f i Arrow.obj
 0001:00005bd0       ?GetNextAssoc@?$CMap@HHPAVCAniObjLSP@@PAV1@@@QBEXAAPAU__POSITION@@AAHAAPAVCAniObjLSP@@@Z 00406bd0 f i Arrow.obj
 0001:00005d50       ??1?$CMap@HHPAVCAniObjLSP@@PAV1@@@UAE@XZ 00406d50 f i Arrow.obj
 0001:00005df0       ?Serialize@?$CMap@HHPAVCAniObjLSP@@PAV1@@@UAEXAAVCArchive@@@Z 00406df0 f i Arrow.obj
 0001:00005f40       ?Dump@?$CMap@HHPAVCAniObjLSP@@PAV1@@@UBEXAAVCDumpContext@@@Z 00406f40 f i Arrow.obj
 0001:00006020       ?AssertValid@?$CMap@HHPAVCAniObjLSP@@PAV1@@@UBEXXZ 00407020 f i Arrow.obj
 0001:000060b0       ??_G?$CArray@VCPoint@@V1@@@UAEPAXI@Z 004070b0 f i Arrow.obj
 0001:000060b0       ??_E?$CArray@VCPoint@@V1@@@UAEPAXI@Z 004070b0 f i Arrow.obj
 0001:00006100       ??_E?$CArray@PAVCArrow@@PAV1@@@UAEPAXI@Z 00407100 f i Arrow.obj
 0001:00006100       ??_G?$CArray@PAVCArrow@@PAV1@@@UAEPAXI@Z 00407100 f i Arrow.obj
 0001:00006150       ??_E?$CMap@HHPAVCAniObjLSP@@PAV1@@@UAEPAXI@Z 00407150 f i Arrow.obj
 0001:00006150       ??_G?$CMap@HHPAVCAniObjLSP@@PAV1@@@UAEPAXI@Z 00407150 f i Arrow.obj
 0001:000061a0       ?SetSize@?$CArray@VCPoint@@V1@@@QAEXHH@Z 004071a0 f i Arrow.obj
 0001:000064c0       ?SetAtGrow@?$CArray@VCPoint@@V1@@@QAEXHVCPoint@@@Z 004074c0 f i Arrow.obj
 0001:00006560       ?DestructElements@@YGXPAVCPoint@@H@Z 00407560 f i Arrow.obj
 0001:000065e0       ?SerializeElements@@YGXAAVCArchive@@PAVCPoint@@H@Z 004075e0 f i Arrow.obj
 0001:00006680       ?DumpElements@@YGXAAVCDumpContext@@PBVCPoint@@H@Z 00407680 f i Arrow.obj
 0001:000066e0       ?SetSize@?$CArray@PAVCArrow@@PAV1@@@QAEXHH@Z 004076e0 f i Arrow.obj
 0001:00006a00       ?SetAtGrow@?$CArray@PAVCArrow@@PAV1@@@QAEXHPAVCArrow@@@Z 00407a00 f i Arrow.obj
 0001:00006a90       ?DestructElements@@YGXPAPAVCArrow@@H@Z 00407a90 f i Arrow.obj
 0001:00006b10       ?SerializeElements@@YGXAAVCArchive@@PAPAVCArrow@@H@Z 00407b10 f i Arrow.obj
 0001:00006bb0       ?DumpElements@@YGXAAVCDumpContext@@PBQAVCArrow@@H@Z 00407bb0 f i Arrow.obj
 0001:00006c10       ?SetAt@?$CMap@HHPAVCAniObjLSP@@PAV1@@@QAEXHPAVCAniObjLSP@@@Z 00407c10 f i Arrow.obj
 0001:00006c60       ?InitHashTable@?$CMap@HHPAVCAniObjLSP@@PAV1@@@QAEXIH@Z 00407c60 f i Arrow.obj
 0001:00006d60       ?NewAssoc@?$CMap@HHPAVCAniObjLSP@@PAV1@@@IAEPAUCAssoc@1@XZ 00407d60 f i Arrow.obj
 0001:00006ea0       ?FreeAssoc@?$CMap@HHPAVCAniObjLSP@@PAV1@@@IAEXPAUCAssoc@1@@Z 00407ea0 f i Arrow.obj
 0001:00006f50       ?GetAssocAt@?$CMap@HHPAVCAniObjLSP@@PAV1@@@IBEPAUCAssoc@1@HAAI@Z 00407f50 f i Arrow.obj
 0001:00006ff0       ?DestructElements@@YGXPAPAVCAniObjLSP@@H@Z 00407ff0 f i Arrow.obj
 0001:00007070       ?SerializeElements@@YGXAAVCArchive@@PAPAVCAniObjLSP@@H@Z 00408070 f i Arrow.obj
 0001:00007110       ?DumpElements@@YGXAAVCDumpContext@@PBQAVCAniObjLSP@@H@Z 00408110 f i Arrow.obj
 0001:00007170       ?ConstructElements@@YGXPAVCPoint@@H@Z 00408170 f i Arrow.obj
 0001:00007260       ??3@YAXPAX0@Z              00408260 f i Arrow.obj
 0001:00007280       ?ConstructElements@@YGXPAPAVCArrow@@H@Z 00408280 f i Arrow.obj
 0001:00007330       ?ConstructElements@@YGXPAPAVCAniObjLSP@@H@Z 00408330 f i Arrow.obj
 0001:000073e0       ??0CBaseDraw@@QAE@XZ       004083e0 f   BaseDraw.obj
 0001:000074a0       ??_ECBaseDraw@@UAEPAXI@Z   004084a0 f i BaseDraw.obj
 0001:000074a0       ??_GCBaseDraw@@UAEPAXI@Z   004084a0 f i BaseDraw.obj
 0001:00007500       ??1CBaseDraw@@UAE@XZ       00408500 f   BaseDraw.obj
 0001:00007590       ?InitSurface@CBaseDraw@@QAEXXZ 00408590 f   BaseDraw.obj
 0001:00007780       ??_ECDDSurface@@UAEPAXI@Z  00408780 f i BaseDraw.obj
 0001:00007780       ??_GCDDSurface@@UAEPAXI@Z  00408780 f i BaseDraw.obj
 0001:000077e0       ?DrawBaseTile@CBaseDraw@@QAEXVCPoint@@@Z 004087e0 f   BaseDraw.obj
 0001:00007d60       ?DrawShadow@CBaseDraw@@QAEXVCPoint@@@Z 00408d60 f   BaseDraw.obj
 0001:00008110       ?DataGet@CMapObj@@QAEFHH@Z 00409110 f i BaseDraw.obj
 0001:00008180       ?DrawPartShadow@CBaseDraw@@QAEXVCPoint@@@Z 00409180 f   BaseDraw.obj
 0001:00008510       ?GetClippedRect@CBaseDraw@@QAEHPAUtagRECT@@0@Z 00409510 f   BaseDraw.obj
 0001:000085d0       ?BltLSPShadow@CBaseDraw@@QAEXPAVCDDSurface@@HHPAUtagRECT@@PAGKK@Z 004095d0 f   BaseDraw.obj
 0001:00008a80       ?PutPixelShadowEx@CUser@@SAXPBGHKK@Z 00409a80 f i BaseDraw.obj
 0001:00008ae0       ?DrawChangeTile@CBaseDraw@@QAEXVCPoint@@@Z 00409ae0 f   BaseDraw.obj
 0001:00009a80       ?DrawSurface@CBaseDraw@@QAEXPAVCDDSurface@@VCPoint@@@Z 0040aa80 f   BaseDraw.obj
 0001:00009b60       ?BltLSPPartShadow@CBaseDraw@@QAEXPAVCDDSurface@@HHPAUtagRECT@@PAGKK@Z 0040ab60 f   BaseDraw.obj
 0001:0000a110       ??0BB_CircularBuffer@@QAE@H@Z 0040b110 f   BB_CircularBuffer.obj
 0001:0000a1c0       ??_EBB_CircularBuffer@@UAEPAXI@Z 0040b1c0 f i BB_CircularBuffer.obj
 0001:0000a1c0       ??_GBB_CircularBuffer@@UAEPAXI@Z 0040b1c0 f i BB_CircularBuffer.obj
 0001:0000a220       ??1BB_CircularBuffer@@UAE@XZ 0040b220 f   BB_CircularBuffer.obj
 0001:0000a2c0       ??0BB_Socket@@QAE@PAVSocketMng@@H@Z 0040b2c0 f   BB_Socket.obj
 0001:0000a3e0       ??_EBB_Socket@@UAEPAXI@Z   0040b3e0 f i BB_Socket.obj
 0001:0000a3e0       ??_GBB_Socket@@UAEPAXI@Z   0040b3e0 f i BB_Socket.obj
 0001:0000a430       ??1BB_Socket@@UAE@XZ       0040b430 f   BB_Socket.obj
 0001:0000a540       ?OnReceive@BB_Socket@@UAEXH@Z 0040b540 f   BB_Socket.obj
 0001:0000a670       ?PutData@BB_CircularBuffer@@QAEXPAEH@Z 0040b670 f i BB_Socket.obj
 0001:0000a7a0       ?IsOverFlowCondition@BB_CircularBuffer@@IAEHAAH@Z 0040b7a0 f i BB_Socket.obj
 0001:0000a7f0       ?IsIndexOverFlow@BB_CircularBuffer@@IAEHAAH@Z 0040b7f0 f i BB_Socket.obj
 0001:0000a830       ?GetValidCount@BB_CircularBuffer@@QAEHXZ 0040b830 f i BB_Socket.obj
 0001:0000a880       ?BufferResize@BB_CircularBuffer@@IAEXXZ 0040b880 f i BB_Socket.obj
 0001:0000a950       ?CustomizedInit@BB_Socket@@QAEXXZ 0040b950 f   BB_Socket.obj
 0001:0000a9a0       ?OnClose@BB_Socket@@UAEXH@Z 0040b9a0 f   BB_Socket.obj
 0001:0000aa40       ?OnSend@BB_Socket@@UAEXH@Z 0040ba40 f   BB_Socket.obj
 0001:0000ab10       ?SendDelayedData@BB_Socket@@QAEHXZ 0040bb10 f   BB_Socket.obj
 0001:0000adc0       ??0DataPack@@QAE@HPAEH@Z   0040bdc0 f i BB_Socket.obj
 0001:0000aef0       ??_EDataPack@@UAEPAXI@Z    0040bef0 f i BB_Socket.obj
 0001:0000aef0       ??_GDataPack@@UAEPAXI@Z    0040bef0 f i BB_Socket.obj
 0001:0000af50       ??1DataPack@@UAE@XZ        0040bf50 f i BB_Socket.obj
 0001:0000afa0       ?AddHead@?$CTypedPtrList@VCPtrList@@PAVDataPack@@@@QAEPAU__POSITION@@PAVDataPack@@@Z 0040bfa0 f i BB_Socket.obj
 0001:0000afe0       ?RemoveHead@?$_CTypedPtrList@VCPtrList@@PAVDataPack@@@@QAEPAVDataPack@@XZ 0040bfe0 f i BB_Socket.obj
 0001:0000b020       ?GetNext@?$_CTypedPtrList@VCPtrList@@PAVDataPack@@@@QAEAAPAVDataPack@@AAPAU__POSITION@@@Z 0040c020 f i BB_Socket.obj
 0001:0000b060       ??0BBDX_ChatEditor@@QAE@PAVCWnd@@PAVCUIRes@@HVCRect@@HK@Z 0040c060 f   BBDX_ChatEditor.obj
 0001:0000b0e0       ??_GBBDX_ChatEditor@@UAEPAXI@Z 0040c0e0 f i BBDX_ChatEditor.obj
 0001:0000b0e0       ??_EBBDX_ChatEditor@@UAEPAXI@Z 0040c0e0 f i BBDX_ChatEditor.obj
 0001:0000b130       ??1BBDX_ChatEditor@@UAE@XZ 0040c130 f   BBDX_ChatEditor.obj
 0001:0000b170       ?_GetBaseMessageMap@BBDX_ChatEditor@@KGPBUAFX_MSGMAP@@XZ 0040c170 f   BBDX_ChatEditor.obj
 0001:0000b1a0       ?GetMessageMap@BBDX_ChatEditor@@MBEPBUAFX_MSGMAP@@XZ 0040c1a0 f   BBDX_ChatEditor.obj
 0001:0000b1d0       ?PreTranslateMessage@BBDX_ChatEditor@@UAEHPAUtagMSG@@@Z 0040c1d0 f   BBDX_ChatEditor.obj
 0001:0000b4f0       ?IsVisible@CUIRes@@QAEHXZ  0040c4f0 f i BBDX_ChatEditor.obj
 0001:0000b520       ?GetCurEditorText@BBDX_Editor@@QAEPBDXZ 0040c520 f i BBDX_ChatEditor.obj
 0001:0000b560       ??0BBDX_ChatOuter@@QAE@VCString@@HVCRect@@HH@Z 0040c560 f   BBDX_ChatOuter.obj
 0001:0000b6f0       ??_EBBDX_ChatOuter@@UAEPAXI@Z 0040c6f0 f i BBDX_ChatOuter.obj
 0001:0000b6f0       ??_GBBDX_ChatOuter@@UAEPAXI@Z 0040c6f0 f i BBDX_ChatOuter.obj
 0001:0000b750       ??1BBDX_ChatOuter@@UAE@XZ  0040c750 f   BBDX_ChatOuter.obj
 0001:0000b800       ?AddChatWithKind@BBDX_ChatOuter@@QAEHAAVCString@@H@Z 0040c800 f   BBDX_ChatOuter.obj
 0001:0000bad0       ?ResetIntLists@BBDX_ChatOuter@@IAEXXZ 0040cad0 f   BBDX_ChatOuter.obj
 0001:0000bc90       ?ResetStrLists@BBDX_ChatOuter@@IAEXXZ 0040cc90 f   BBDX_ChatOuter.obj
 0001:0000bd70       ?DrawChat@BBDX_ChatOuter@@QAEXPAVCDDSurface@@VCPoint@@PAVCDC@@@Z 0040cd70 f   BBDX_ChatOuter.obj
 0001:0000c0b0       ?ChatAreaChange@BBDX_ChatOuter@@QAEXVCRect@@@Z 0040d0b0 f   BBDX_ChatOuter.obj
 0001:0000c2e0       ?CalcShowLineNum@BBDX_ChatOuter@@QAEHXZ 0040d2e0 f   BBDX_ChatOuter.obj
 0001:0000c340       ?SetScrollPos@BBDX_ChatOuter@@QAEXH@Z 0040d340 f   BBDX_ChatOuter.obj
 0001:0000c400       ?ScrollUp@BBDX_ChatOuter@@QAEXXZ 0040d400 f   BBDX_ChatOuter.obj
 0001:0000c460       ?ScrollDown@BBDX_ChatOuter@@QAEXXZ 0040d460 f   BBDX_ChatOuter.obj
 0001:0000c4e0       ?ScrollPageDown@BBDX_ChatOuter@@QAEHXZ 0040d4e0 f   BBDX_ChatOuter.obj
 0001:0000c570       ?ScrollPageUp@BBDX_ChatOuter@@QAEXXZ 0040d570 f   BBDX_ChatOuter.obj
 0001:0000c5e0       ?ClearString@BBDX_ChatOuter@@QAEXXZ 0040d5e0 f   BBDX_ChatOuter.obj
 0001:0000c650       ?AddMemo@BBDX_ChatOuter@@QAEHHVCString@@@Z 0040d650 f   BBDX_ChatOuter.obj
 0001:0000c960       ?ShowMode@BBDX_ChatOuter@@QAEXH@Z 0040d960 f   BBDX_ChatOuter.obj
 0001:0000cae0       ??0?$CArray@HH@@QAE@XZ     0040dae0 f i BBDX_ChatOuter.obj
 0001:0000cb50       ?GetSize@?$CArray@HH@@QBEHXZ 0040db50 f i BBDX_ChatOuter.obj
 0001:0000cb80       ?SetSize@?$CArray@HH@@QAEXHH@Z 0040db80 f i BBDX_ChatOuter.obj
 0001:0000cea0       ?RemoveAll@?$CArray@HH@@QAEXXZ 0040dea0 f i BBDX_ChatOuter.obj
 0001:0000cee0       ?Add@?$CArray@HH@@QAEHH@Z  0040dee0 f i BBDX_ChatOuter.obj
 0001:0000cf30       ??A?$CArray@HH@@QAEAAHH@Z  0040df30 f i BBDX_ChatOuter.obj
 0001:0000cf70       ?RemoveAt@?$CArray@HH@@QAEXHH@Z 0040df70 f i BBDX_ChatOuter.obj
 0001:0000d090       ??1?$CArray@HH@@UAE@XZ     0040e090 f i BBDX_ChatOuter.obj
 0001:0000d140       ?Serialize@?$CArray@HH@@UAEXAAVCArchive@@@Z 0040e140 f i BBDX_ChatOuter.obj
 0001:0000d1e0       ?Dump@?$CArray@HH@@UBEXAAVCDumpContext@@@Z 0040e1e0 f i BBDX_ChatOuter.obj
 0001:0000d280       ?AssertValid@?$CArray@HH@@UBEXXZ 0040e280 f i BBDX_ChatOuter.obj
 0001:0000d3b0       ??0?$CList@HH@@QAE@H@Z     0040e3b0 f i BBDX_ChatOuter.obj
 0001:0000d480       ?RemoveHead@?$CList@HH@@QAEHXZ 0040e480 f i BBDX_ChatOuter.obj
 0001:0000d560       ?AddTail@?$CList@HH@@QAEPAU__POSITION@@H@Z 0040e560 f i BBDX_ChatOuter.obj
 0001:0000d5f0       ?RemoveAll@?$CList@HH@@QAEXXZ 0040e5f0 f i BBDX_ChatOuter.obj
 0001:0000d6a0       ?GetHeadPosition@?$CList@HH@@QBEPAU__POSITION@@XZ 0040e6a0 f i BBDX_ChatOuter.obj
 0001:0000d6d0       ?GetNext@?$CList@HH@@QAEAAHAAPAU__POSITION@@@Z 0040e6d0 f i BBDX_ChatOuter.obj
 0001:0000d750       ?FindIndex@?$CList@HH@@QBEPAU__POSITION@@H@Z 0040e750 f i BBDX_ChatOuter.obj
 0001:0000d800       ??1?$CList@HH@@UAE@XZ      0040e800 f i BBDX_ChatOuter.obj
 0001:0000d8a0       ?Serialize@?$CList@HH@@UAEXAAVCArchive@@@Z 0040e8a0 f i BBDX_ChatOuter.obj
 0001:0000d9a0       ?Dump@?$CList@HH@@UBEXAAVCDumpContext@@@Z 0040e9a0 f i BBDX_ChatOuter.obj
 0001:0000da60       ?AssertValid@?$CList@HH@@UBEXXZ 0040ea60 f i BBDX_ChatOuter.obj
 0001:0000db50       ??_G?$CArray@HH@@UAEPAXI@Z 0040eb50 f i BBDX_ChatOuter.obj
 0001:0000dba0       ??_G?$CList@HH@@UAEPAXI@Z  0040eba0 f i BBDX_ChatOuter.obj
 0001:0000dba0       ??_E?$CList@HH@@UAEPAXI@Z  0040eba0 f i BBDX_ChatOuter.obj
 0001:0000dbf0       ?ElementAt@?$CArray@HH@@QAEAAHH@Z 0040ebf0 f i BBDX_ChatOuter.obj
 0001:0000dc60       ?SetAtGrow@?$CArray@HH@@QAEXHH@Z 0040ec60 f i BBDX_ChatOuter.obj
 0001:0000dcf0       ?NewNode@?$CList@HH@@IAEPAUCNode@1@PAU21@0@Z 0040ecf0 f i BBDX_ChatOuter.obj
 0001:0000de30       ?FreeNode@?$CList@HH@@IAEXPAUCNode@1@@Z 0040ee30 f i BBDX_ChatOuter.obj
 0001:0000ded0       ??0BBDX_Editor@@QAE@PAVCWnd@@PAVCUIRes@@HVCRect@@HHK@Z 0040eed0 f   BBDX_Editor.obj
 0001:0000e120       ??_GBBDX_Editor@@UAEPAXI@Z 0040f120 f i BBDX_Editor.obj
 0001:0000e120       ??_EBBDX_Editor@@UAEPAXI@Z 0040f120 f i BBDX_Editor.obj
 0001:0000e170       ??1BBDX_Editor@@UAE@XZ     0040f170 f   BBDX_Editor.obj
 0001:0000e260       ?_GetBaseMessageMap@BBDX_Editor@@KGPBUAFX_MSGMAP@@XZ 0040f260 f   BBDX_Editor.obj
 0001:0000e290       ?GetMessageMap@BBDX_Editor@@MBEPBUAFX_MSGMAP@@XZ 0040f290 f   BBDX_Editor.obj
 0001:0000e2c0       ?OnKeyDown@BBDX_Editor@@IAEXIII@Z 0040f2c0 f   BBDX_Editor.obj
 0001:0000e4d0       ?ClearTextBuffer@BBDX_Editor@@QAEXXZ 0040f4d0 f   BBDX_Editor.obj
 0001:0000e510       ?ClearTexts@BBDX_Editor@@QAEXXZ 0040f510 f   BBDX_Editor.obj
 0001:0000e570       ?IsShowCaret@BBDX_Editor@@QAEHXZ 0040f570 f   BBDX_Editor.obj
 0001:0000e610       ?ReturnkeyProcess@BBDX_Editor@@UAEXXZ 0040f610 f   BBDX_Editor.obj
 0001:0000e6a0       ?ChangeEditorMode@BBDX_Editor@@QAEXHVCRect@@@Z 0040f6a0 f   BBDX_Editor.obj
 0001:0000e7f0       ?ChangeArea@BBDX_Editor@@QAEXVCRect@@@Z 0040f7f0 f   BBDX_Editor.obj
 0001:0000e870       ?FontSet@BBDX_Editor@@QAEXXZ 0040f870 f   BBDX_Editor.obj
 0001:0000e9f0       ?DestroyWindow@BBDX_Editor@@UAEHXZ 0040f9f0 f   BBDX_Editor.obj
 0001:0000ea40       ?OnSetFocus@BBDX_Editor@@IAEXPAVCWnd@@@Z 0040fa40 f   BBDX_Editor.obj
 0001:0000ea90       ?OnKillFocus@BBDX_Editor@@IAEXPAVCWnd@@@Z 0040fa90 f   BBDX_Editor.obj
 0001:0000eb10       ?PreTranslateMessage@BBDX_Editor@@UAEHPAUtagMSG@@@Z 0040fb10 f   BBDX_Editor.obj
 0001:0000ec50       ?GetText@BBDX_Editor@@QAEXXZ 0040fc50 f   BBDX_Editor.obj
 0001:0000eca0       ?DCDrawCurText@BBDX_Editor@@UAEXPAVCDDSurface@@KHH@Z 0040fca0 f   BBDX_Editor.obj
 0001:000102a0       ?DCDrawOffsetedCurText@BBDX_Editor@@QAEXPAVCDDSurface@@VCPoint@@KH@Z 004112a0 f   BBDX_Editor.obj
 0001:00010350       ?DCDrawPosCurText@BBDX_Editor@@QAEXPAVCDDSurface@@VCPoint@@KH@Z 00411350 f   BBDX_Editor.obj
 0001:00010400       ?OnChar@BBDX_Editor@@IAEXIII@Z 00411400 f   BBDX_Editor.obj
 0001:00010460       ?OnKeyUp@BBDX_Editor@@IAEXIII@Z 00411460 f   BBDX_Editor.obj
 0001:00010580       ?OnSysKeyDown@BBDX_Editor@@IAEXIII@Z 00411580 f   BBDX_Editor.obj
 0001:000105e0       ?OnSysKeyUp@BBDX_Editor@@IAEXIII@Z 004115e0 f   BBDX_Editor.obj
 0001:00010640       ??0BBDX_TextOuter@@QAE@VCString@@HH@Z 00411640 f   BBDX_TextOuter.obj
 0001:000107b0       ??_EBBDX_TextOuter@@UAEPAXI@Z 004117b0 f i BBDX_TextOuter.obj
 0001:000107b0       ??_GBBDX_TextOuter@@UAEPAXI@Z 004117b0 f i BBDX_TextOuter.obj
 0001:00010810       ??_GCTWFont@@QAEPAXI@Z     00411810 f i BBDX_TextOuter.obj
 0001:00010870       ??0BBDX_TextOuter@@QAE@PAVCTWFont@@HH@Z 00411870 f   BBDX_TextOuter.obj
 0001:00010900       ??1BBDX_TextOuter@@UAE@XZ  00411900 f   BBDX_TextOuter.obj
 0001:000109c0       ?SetString@BBDX_TextOuter@@QAEXAAVCString@@@Z 004119c0 f   BBDX_TextOuter.obj
 0001:00010a10       ?AddString@BBDX_TextOuter@@QAEHAAVCString@@@Z 00411a10 f   BBDX_TextOuter.obj
 0001:00010c00       ?ReArrange@BBDX_TextOuter@@QAEXXZ 00411c00 f   BBDX_TextOuter.obj
 0001:00010ce0       ?DrawMultiLineTexts@BBDX_TextOuter@@QAEXPAVCDDSurface@@VCRect@@GH_N@Z 00411ce0 f   BBDX_TextOuter.obj
 0001:00010e80       ?IC_TextOutClip@CTWFont@@QAEHVCRect@@PBDGAAU_DDSURFACEDESC2@@HHHHH@Z 00411e80 f i BBDX_TextOuter.obj
 0001:00010f50       ?DrawTexts@BBDX_TextOuter@@QAEXPAVCDDSurface@@VCRect@@GH@Z 00411f50 f   BBDX_TextOuter.obj
 0001:00011190       ?DrawShadowTexts@BBDX_TextOuter@@QAEXPAVCDDSurface@@VCRect@@GH@Z 00412190 f   BBDX_TextOuter.obj
 0001:000113d0       ?IC_TextOutClipShadow@CTWFont@@QAEHVCRect@@PBDGAAU_DDSURFACEDESC2@@HHHHH@Z 004123d0 f i BBDX_TextOuter.obj
 0001:00011510       ?DrawTextsFromIndexedLine@BBDX_TextOuter@@QAEXPAVCDDSurface@@VCRect@@HGH@Z 00412510 f   BBDX_TextOuter.obj
 0001:00011740       ?SetMultiLineString@BBDX_TextOuter@@QAEXAAVCString@@@Z 00412740 f   BBDX_TextOuter.obj
 0001:000117a0       ??0BBDX_TextOuterWithScroll@@QAE@VCString@@HHVCRect@@HH@Z 004127a0 f   BBDX_TextOuterWithScroll.obj
 0001:00011890       ?SetMaxLineNum@BBDX_TextOuter@@QAEXH@Z 00412890 f i BBDX_TextOuterWithScroll.obj
 0001:000118c0       ??_EBBDX_TextOuterWithScroll@@UAEPAXI@Z 004128c0 f i BBDX_TextOuterWithScroll.obj
 0001:000118c0       ??_GBBDX_TextOuterWithScroll@@UAEPAXI@Z 004128c0 f i BBDX_TextOuterWithScroll.obj
 0001:00011920       ??0BBDX_TextOuterWithScroll@@QAE@PAVCTWFont@@HHVCRect@@HH@Z 00412920 f   BBDX_TextOuterWithScroll.obj
 0001:00011a00       ??1BBDX_TextOuterWithScroll@@UAE@XZ 00412a00 f   BBDX_TextOuterWithScroll.obj
 0001:00011a40       ?ScrollUp@BBDX_TextOuterWithScroll@@QAEXXZ 00412a40 f   BBDX_TextOuterWithScroll.obj
 0001:00011a80       ?ScrollDown@BBDX_TextOuterWithScroll@@QAEXXZ 00412a80 f   BBDX_TextOuterWithScroll.obj
 0001:00011af0       ?ScrollPageDown@BBDX_TextOuterWithScroll@@QAEHXZ 00412af0 f   BBDX_TextOuterWithScroll.obj
 0001:00011b70       ?ScrollPageUp@BBDX_TextOuterWithScroll@@QAEXXZ 00412b70 f   BBDX_TextOuterWithScroll.obj
 0001:00011bc0       ?Draw@BBDX_TextOuterWithScroll@@QAEXPAVCDDSurface@@VCPoint@@G@Z 00412bc0 f   BBDX_TextOuterWithScroll.obj
 0001:00011c70       ?CalcShowLineNum@BBDX_TextOuterWithScroll@@UAEHXZ 00412c70 f   BBDX_TextOuterWithScroll.obj
 0001:00011cd0       ?DrawList@BBDX_TextOuterWithScroll@@QAEXPAVCDDSurface@@H@Z 00412cd0 f   BBDX_TextOuterWithScroll.obj
 0001:00011f60       ?GetLineIndexWithPoint@BBDX_TextOuterWithScroll@@QAEHAAVCPoint@@@Z 00412f60 f   BBDX_TextOuterWithScroll.obj
 0001:00012040       ?GetScrollRange@BBDX_TextOuterWithScroll@@QAEHXZ 00413040 f   BBDX_TextOuterWithScroll.obj
 0001:000120a0       ?SetScrollPos@BBDX_TextOuterWithScroll@@QAEXH@Z 004130a0 f   BBDX_TextOuterWithScroll.obj
 0001:00012120       ??0CBlood@@QAE@XZ          00413120 f   Blood.obj
 0001:000121a0       ??_GCBlood@@UAEPAXI@Z      004131a0 f i Blood.obj
 0001:000121a0       ??_ECBlood@@UAEPAXI@Z      004131a0 f i Blood.obj
 0001:00012200       ??1CBlood@@UAE@XZ          00413200 f   Blood.obj
 0001:00012350       ?Add@CBlood@@QAEXHHVCPoint@@H@Z 00413350 f   Blood.obj
 0001:000124e0       ??0_TAG_BLOOD_INFO@@QAE@XZ 004134e0 f i Blood.obj
 0001:00012520       ?Load@CBlood@@QAEHH@Z      00413520 f   Blood.obj
 0001:00012670       ?GetIndexedBlood@CBlood@@QAEPAVCBloodRes@@H@Z 00413670 f   Blood.obj
 0001:000126c0       ?DrawBloodStain@CBlood@@QAEHPAVCDDSurface@@VCPoint@@@Z 004136c0 f   Blood.obj
 0001:000128f0       ?Draw@CBlood@@QAEHPAVCDDSurface@@VCPoint@@H@Z 004138f0 f   Blood.obj
 0001:00012b60       ??0?$CArray@PAU_TAG_BLOOD_INFO@@PAU1@@@QAE@XZ 00413b60 f i Blood.obj
 0001:00012bd0       ?GetSize@?$CArray@PAU_TAG_BLOOD_INFO@@PAU1@@@QBEHXZ 00413bd0 f i Blood.obj
 0001:00012c00       ?RemoveAll@?$CArray@PAU_TAG_BLOOD_INFO@@PAU1@@@QAEXXZ 00413c00 f i Blood.obj
 0001:00012c40       ?GetAt@?$CArray@PAU_TAG_BLOOD_INFO@@PAU1@@@QBEPAU_TAG_BLOOD_INFO@@H@Z 00413c40 f i Blood.obj
 0001:00012cb0       ?Add@?$CArray@PAU_TAG_BLOOD_INFO@@PAU1@@@QAEHPAU_TAG_BLOOD_INFO@@@Z 00413cb0 f i Blood.obj
 0001:00012d00       ?RemoveAt@?$CArray@PAU_TAG_BLOOD_INFO@@PAU1@@@QAEXHH@Z 00413d00 f i Blood.obj
 0001:00012e20       ??1?$CArray@PAU_TAG_BLOOD_INFO@@PAU1@@@UAE@XZ 00413e20 f i Blood.obj
 0001:00012ed0       ?Serialize@?$CArray@PAU_TAG_BLOOD_INFO@@PAU1@@@UAEXAAVCArchive@@@Z 00413ed0 f i Blood.obj
 0001:00012f70       ?Dump@?$CArray@PAU_TAG_BLOOD_INFO@@PAU1@@@UBEXAAVCDumpContext@@@Z 00413f70 f i Blood.obj
 0001:00013010       ?AssertValid@?$CArray@PAU_TAG_BLOOD_INFO@@PAU1@@@UBEXXZ 00414010 f i Blood.obj
 0001:00013140       ??0?$CMap@HHPAVCBloodRes@@PAV1@@@QAE@H@Z 00414140 f i Blood.obj
 0001:00013210       ?Lookup@?$CMap@HHPAVCBloodRes@@PAV1@@@QBEHHAAPAVCBloodRes@@@Z 00414210 f i Blood.obj
 0001:00013280       ??A?$CMap@HHPAVCBloodRes@@PAV1@@@QAEAAPAVCBloodRes@@H@Z 00414280 f i Blood.obj
 0001:00013340       ?RemoveKey@?$CMap@HHPAVCBloodRes@@PAV1@@@QAEHH@Z 00414340 f i Blood.obj
 0001:00013400       ?RemoveAll@?$CMap@HHPAVCBloodRes@@PAV1@@@QAEXXZ 00414400 f i Blood.obj
 0001:000134f0       ?GetStartPosition@?$CMap@HHPAVCBloodRes@@PAV1@@@QBEPAU__POSITION@@XZ 004144f0 f i Blood.obj
 0001:00013520       ?GetNextAssoc@?$CMap@HHPAVCBloodRes@@PAV1@@@QBEXAAPAU__POSITION@@AAHAAPAVCBloodRes@@@Z 00414520 f i Blood.obj
 0001:000136a0       ??1?$CMap@HHPAVCBloodRes@@PAV1@@@UAE@XZ 004146a0 f i Blood.obj
 0001:00013740       ?Serialize@?$CMap@HHPAVCBloodRes@@PAV1@@@UAEXAAVCArchive@@@Z 00414740 f i Blood.obj
 0001:00013890       ?Dump@?$CMap@HHPAVCBloodRes@@PAV1@@@UBEXAAVCDumpContext@@@Z 00414890 f i Blood.obj
 0001:00013970       ?AssertValid@?$CMap@HHPAVCBloodRes@@PAV1@@@UBEXXZ 00414970 f i Blood.obj
 0001:00013a00       ??_E?$CArray@PAU_TAG_BLOOD_INFO@@PAU1@@@UAEPAXI@Z 00414a00 f i Blood.obj
 0001:00013a00       ??_G?$CArray@PAU_TAG_BLOOD_INFO@@PAU1@@@UAEPAXI@Z 00414a00 f i Blood.obj
 0001:00013a50       ??_G?$CMap@HHPAVCBloodRes@@PAV1@@@UAEPAXI@Z 00414a50 f i Blood.obj
 0001:00013a50       ??_E?$CMap@HHPAVCBloodRes@@PAV1@@@UAEPAXI@Z 00414a50 f i Blood.obj
 0001:00013aa0       ?SetSize@?$CArray@PAU_TAG_BLOOD_INFO@@PAU1@@@QAEXHH@Z 00414aa0 f i Blood.obj
 0001:00013dc0       ?SetAtGrow@?$CArray@PAU_TAG_BLOOD_INFO@@PAU1@@@QAEXHPAU_TAG_BLOOD_INFO@@@Z 00414dc0 f i Blood.obj
 0001:00013e50       ?DestructElements@@YGXPAPAU_TAG_BLOOD_INFO@@H@Z 00414e50 f i Blood.obj
 0001:00013ed0       ?SerializeElements@@YGXAAVCArchive@@PAPAU_TAG_BLOOD_INFO@@H@Z 00414ed0 f i Blood.obj
 0001:00013f70       ?DumpElements@@YGXAAVCDumpContext@@PBQAU_TAG_BLOOD_INFO@@H@Z 00414f70 f i Blood.obj
 0001:00013fd0       ?SetAt@?$CMap@HHPAVCBloodRes@@PAV1@@@QAEXHPAVCBloodRes@@@Z 00414fd0 f i Blood.obj
 0001:00014020       ?InitHashTable@?$CMap@HHPAVCBloodRes@@PAV1@@@QAEXIH@Z 00415020 f i Blood.obj
 0001:00014120       ?NewAssoc@?$CMap@HHPAVCBloodRes@@PAV1@@@IAEPAUCAssoc@1@XZ 00415120 f i Blood.obj
 0001:00014260       ?FreeAssoc@?$CMap@HHPAVCBloodRes@@PAV1@@@IAEXPAUCAssoc@1@@Z 00415260 f i Blood.obj
 0001:00014310       ?GetAssocAt@?$CMap@HHPAVCBloodRes@@PAV1@@@IBEPAUCAssoc@1@HAAI@Z 00415310 f i Blood.obj
 0001:000143b0       ?DestructElements@@YGXPAPAVCBloodRes@@H@Z 004153b0 f i Blood.obj
 0001:00014430       ?SerializeElements@@YGXAAVCArchive@@PAPAVCBloodRes@@H@Z 00415430 f i Blood.obj
 0001:000144d0       ?DumpElements@@YGXAAVCDumpContext@@PBQAVCBloodRes@@H@Z 004154d0 f i Blood.obj
 0001:00014530       ?ConstructElements@@YGXPAPAU_TAG_BLOOD_INFO@@H@Z 00415530 f i Blood.obj
 0001:000145e0       ?ConstructElements@@YGXPAPAVCBloodRes@@H@Z 004155e0 f i Blood.obj
 0001:00014690       ??0CBloodRes@@QAE@XZ       00415690 f   BloodRes.obj
 0001:00014720       ??_GCBloodRes@@UAEPAXI@Z   00415720 f i BloodRes.obj
 0001:00014720       ??_ECBloodRes@@UAEPAXI@Z   00415720 f i BloodRes.obj
 0001:00014780       ??0?$CTypedPtrArray@VCPtrArray@@PAG@@QAE@XZ 00415780 f i BloodRes.obj
 0001:000147d0       ??1?$CTypedPtrArray@VCPtrArray@@PAG@@UAE@XZ 004157d0 f i BloodRes.obj
 0001:00014810       ??0?$CTypedPtrArray@VCPtrArray@@PAU_SPR_LSP@@@@QAE@XZ 00415810 f i BloodRes.obj
 0001:00014860       ??_G?$CTypedPtrArray@VCPtrArray@@PAG@@UAEPAXI@Z 00415860 f i BloodRes.obj
 0001:00014860       ??_E?$CTypedPtrArray@VCPtrArray@@PAG@@UAEPAXI@Z 00415860 f i BloodRes.obj
 0001:000148b0       ??_G?$CTypedPtrArray@VCPtrArray@@PAU_SPR_LSP@@@@UAEPAXI@Z 004158b0 f i BloodRes.obj
 0001:000148b0       ??_E?$CTypedPtrArray@VCPtrArray@@PAU_SPR_LSP@@@@UAEPAXI@Z 004158b0 f i BloodRes.obj
 0001:00014900       ??1?$CTypedPtrArray@VCPtrArray@@PAU_SPR_LSP@@@@UAE@XZ 00415900 f i BloodRes.obj
 0001:00014940       ??1CBloodRes@@UAE@XZ       00415940 f   BloodRes.obj
 0001:00014ab0       ?AddRef@CBloodRes@@QAEXXZ  00415ab0 f   BloodRes.obj
 0001:00014af0       ?Release@CBloodRes@@QAEHXZ 00415af0 f   BloodRes.obj
 0001:00014b30       ?Draw@CBloodRes@@QAEHPAVCDDSurface@@VCPoint@@HH@Z 00415b30 f   BloodRes.obj
 0001:00014be0       ?LoadRes@CBloodRes@@QAEHH@Z 00415be0 f   BloodRes.obj
 0001:00014ed0       ?LoadRes@CBloodRes@@QAEHVCString@@@Z 00415ed0 f   BloodRes.obj
 0001:000151a0       ?GetAt@?$CTypedPtrArray@VCPtrArray@@PAG@@QBEPAGH@Z 004161a0 f i BloodRes.obj
 0001:000151e0       ??A?$CTypedPtrArray@VCPtrArray@@PAG@@QAEAAPAGH@Z 004161e0 f i BloodRes.obj
 0001:00015220       ?GetAt@?$CTypedPtrArray@VCPtrArray@@PAU_SPR_LSP@@@@QBEPAU_SPR_LSP@@H@Z 00416220 f i BloodRes.obj
 0001:00015260       ??A?$CTypedPtrArray@VCPtrArray@@PAU_SPR_LSP@@@@QAEAAPAU_SPR_LSP@@H@Z 00416260 f i BloodRes.obj
 0001:000152a0       ??0CBuildHouseManager@@QAE@XZ 004162a0 f   BuildHouseManager.obj
 0001:000152f0       ??_ECBuildHouseManager@@UAEPAXI@Z 004162f0 f i BuildHouseManager.obj
 0001:000152f0       ??_GCBuildHouseManager@@UAEPAXI@Z 004162f0 f i BuildHouseManager.obj
 0001:00015350       ??1CBuildHouseManager@@UAE@XZ 00416350 f   BuildHouseManager.obj
 0001:000153a0       ?TileMapSet@CBuildHouseManager@@QAE?AVCSize@@HHHHH@Z 004163a0 f   BuildHouseManager.obj
 0001:00015550       ?GetSafe@_TILE_SUB_SET_DATA_TOOL@@QAEHHH@Z 00416550 f i BuildHouseManager.obj
 0001:00015600       ?BuildHouse@CBuildHouseManager@@QAEXHHH@Z 00416600 f   BuildHouseManager.obj
 0001:00015c10       ?LoadHouseInfo@CBuildHouseManager@@QAEXVCString@@@Z 00416c10 f   BuildHouseManager.obj
 0001:00015ca0       ?HouseInfoSet@CBuildHouseManager@@QAEXHHH@Z 00416ca0 f   BuildHouseManager.obj
 0001:00015da0       ?BuildHouse@CBuildHouseManager@@QAEXVCRect@@H@Z 00416da0 f   BuildHouseManager.obj
 0001:00015e40       ?GetHouseSize@CBuildHouseManager@@QAE?AVCSize@@H@Z 00416e40 f   BuildHouseManager.obj
 0001:00015f00       ?GetInnerTopLeft@CBuildHouseManager@@QAE?AVCPoint@@HVCRect@@@Z 00416f00 f   BuildHouseManager.obj
 0001:00016360       ?GetTileSetRect@CBuildHouseManager@@QAE?AVCRect@@HH@Z 00417360 f   BuildHouseManager.obj
 0001:00016480       ?Lookup@?$CMap@HHPAVCHouseInfo@@AAPAV1@@@QBEHHAAPAVCHouseInfo@@@Z 00417480 f i BuildHouseManager.obj
 0001:000164f0       ?GetAssocAt@?$CMap@HHPAVCHouseInfo@@AAPAV1@@@IBEPAUCAssoc@1@HAAI@Z 004174f0 f i BuildHouseManager.obj
 0001:00016590       ??0CHAR_RES@@QAE@XZ        00417590 f   CharManager.obj
 0001:000165e0       ??1CHAR_RES@@QAE@XZ        004175e0 f   CharManager.obj
 0001:00016620       ??0CCharManager@@QAE@XZ    00417620 f   CharManager.obj
 0001:00016680       ??_ECCharManager@@UAEPAXI@Z 00417680 f i CharManager.obj
 0001:00016680       ??_GCCharManager@@UAEPAXI@Z 00417680 f i CharManager.obj
 0001:000166e0       ??1CCharManager@@UAE@XZ    004176e0 f   CharManager.obj
 0001:00016760       ?RemoveAllData@CCharManager@@QAEXXZ 00417760 f   CharManager.obj
 0001:00016800       ??_GCHAR_RES@@QAEPAXI@Z    00417800 f i CharManager.obj
 0001:00016860       ?LoadAllCharRes@CCharManager@@QAEXXZ 00417860 f   CharManager.obj
 0001:00016b50       ?LoadCharRes@CCharManager@@QAEHH@Z 00417b50 f   CharManager.obj
 0001:00016cb0       ?SetIndex@CCharRes@@QAEXH@Z 00417cb0 f i CharManager.obj
 0001:00016ce0       ?UnloadCharRes@CCharManager@@QAEXH@Z 00417ce0 f   CharManager.obj
 0001:00016d80       ?SetPixelFormat@CCharManager@@QAEXPAVCDDSurface@@@Z 00417d80 f   CharManager.obj
 0001:00016e00       ?GetIndexedCharRes@CCharManager@@QAEPAVCCharRes@@H@Z 00417e00 f   CharManager.obj
 0001:00016e50       ??0?$CMap@HHPAVCHAR_RES@@PAV1@@@QAE@H@Z 00417e50 f i CharManager.obj
 0001:00016f20       ?Lookup@?$CMap@HHPAVCHAR_RES@@PAV1@@@QBEHHAAPAVCHAR_RES@@@Z 00417f20 f i CharManager.obj
 0001:00016f90       ??A?$CMap@HHPAVCHAR_RES@@PAV1@@@QAEAAPAVCHAR_RES@@H@Z 00417f90 f i CharManager.obj
 0001:00017050       ?RemoveKey@?$CMap@HHPAVCHAR_RES@@PAV1@@@QAEHH@Z 00418050 f i CharManager.obj
 0001:00017110       ?RemoveAll@?$CMap@HHPAVCHAR_RES@@PAV1@@@QAEXXZ 00418110 f i CharManager.obj
 0001:00017200       ?GetStartPosition@?$CMap@HHPAVCHAR_RES@@PAV1@@@QBEPAU__POSITION@@XZ 00418200 f i CharManager.obj
 0001:00017230       ?GetNextAssoc@?$CMap@HHPAVCHAR_RES@@PAV1@@@QBEXAAPAU__POSITION@@AAHAAPAVCHAR_RES@@@Z 00418230 f i CharManager.obj
 0001:000173b0       ??1?$CMap@HHPAVCHAR_RES@@PAV1@@@UAE@XZ 004183b0 f i CharManager.obj
 0001:00017450       ?Serialize@?$CMap@HHPAVCHAR_RES@@PAV1@@@UAEXAAVCArchive@@@Z 00418450 f i CharManager.obj
 0001:000175a0       ?Dump@?$CMap@HHPAVCHAR_RES@@PAV1@@@UBEXAAVCDumpContext@@@Z 004185a0 f i CharManager.obj
 0001:00017680       ?AssertValid@?$CMap@HHPAVCHAR_RES@@PAV1@@@UBEXXZ 00418680 f i CharManager.obj
 0001:00017710       ??_E?$CMap@HHPAVCHAR_RES@@PAV1@@@UAEPAXI@Z 00418710 f i CharManager.obj
 0001:00017710       ??_G?$CMap@HHPAVCHAR_RES@@PAV1@@@UAEPAXI@Z 00418710 f i CharManager.obj
 0001:00017760       ?SetAt@?$CMap@HHPAVCHAR_RES@@PAV1@@@QAEXHPAVCHAR_RES@@@Z 00418760 f i CharManager.obj
 0001:000177b0       ?InitHashTable@?$CMap@HHPAVCHAR_RES@@PAV1@@@QAEXIH@Z 004187b0 f i CharManager.obj
 0001:000178b0       ?NewAssoc@?$CMap@HHPAVCHAR_RES@@PAV1@@@IAEPAUCAssoc@1@XZ 004188b0 f i CharManager.obj
 0001:000179f0       ?FreeAssoc@?$CMap@HHPAVCHAR_RES@@PAV1@@@IAEXPAUCAssoc@1@@Z 004189f0 f i CharManager.obj
 0001:00017aa0       ?GetAssocAt@?$CMap@HHPAVCHAR_RES@@PAV1@@@IBEPAUCAssoc@1@HAAI@Z 00418aa0 f i CharManager.obj
 0001:00017b40       ?DestructElements@@YGXPAPAVCHAR_RES@@H@Z 00418b40 f i CharManager.obj
 0001:00017bc0       ?SerializeElements@@YGXAAVCArchive@@PAPAVCHAR_RES@@H@Z 00418bc0 f i CharManager.obj
 0001:00017c60       ?DumpElements@@YGXAAVCDumpContext@@PBQAVCHAR_RES@@H@Z 00418c60 f i CharManager.obj
 0001:00017cc0       ?ConstructElements@@YGXPAPAVCHAR_RES@@H@Z 00418cc0 f i CharManager.obj
 0001:00017d70       ??0SPR_DATA@@QAE@XZ        00418d70 f   CharRes.obj
 0001:00017dc0       ??1SPR_DATA@@QAE@XZ        00418dc0 f   CharRes.obj
 0001:00017ea0       ??0CCharRes@@QAE@XZ        00418ea0 f   CharRes.obj
 0001:00017f10       ??_GCCharRes@@UAEPAXI@Z    00418f10 f i CharRes.obj
 0001:00017f10       ??_ECCharRes@@UAEPAXI@Z    00418f10 f i CharRes.obj
 0001:00017f70       ??1CCharRes@@UAE@XZ        00418f70 f   CharRes.obj
 0001:00017fb0       ?RemoveAllData@CCharRes@@QAEXXZ 00418fb0 f   CharRes.obj
 0001:00018050       ?LoadElement@CCharRes@@QAEHH@Z 00419050 f   CharRes.obj
 0001:00018560       ?Load@CCharRes@@QAEHPBDHH@Z 00419560 f   CharRes.obj
 0001:00018a20       ?Decode2_555@CCharRes@@SAXHPAG@Z 00419a20 f   CharRes.obj
 0001:00018b00       ?Decode2_565_0@CCharRes@@SAXHPAG@Z 00419b00 f   CharRes.obj
 0001:00018be0       ?GetSprData@CCharRes@@QAEPAVSPR_DATA@@H@Z 00419be0 f   CharRes.obj
 0001:0001d340       ??0CChildView@@QAE@XZ      0041e340 f   ChildView.obj
 0001:0001d880       ??_ECChildView@@UAEPAXI@Z  0041e880 f i ChildView.obj
 0001:0001d880       ??_GCChildView@@UAEPAXI@Z  0041e880 f i ChildView.obj
 0001:0001d8d0       ??1CChildView@@UAE@XZ      0041e8d0 f   ChildView.obj
 0001:0001def0       ??_G_tgCharData@@QAEPAXI@Z 0041eef0 f i ChildView.obj
 0001:0001df50       ??1_tgCharData@@QAE@XZ     0041ef50 f i ChildView.obj
 0001:0001dfc0       ?_GetBaseMessageMap@CChildView@@KGPBUAFX_MSGMAP@@XZ 0041efc0 f   ChildView.obj
 0001:0001dff0       ?GetMessageMap@CChildView@@MBEPBUAFX_MSGMAP@@XZ 0041eff0 f   ChildView.obj
 0001:0001e020       ?PreCreateWindow@CChildView@@MAEHAAUtagCREATESTRUCTA@@@Z 0041f020 f   ChildView.obj
 0001:0001e0c0       ?OnPaint@CChildView@@IAEXXZ 0041f0c0 f   ChildView.obj
 0001:0001e110       ?DDInit@CChildView@@QAEHXZ 0041f110 f   ChildView.obj
 0001:0001ec20       ?SetPixelFormat@CCharManager@@QAEXH@Z 0041fc20 f i ChildView.obj
 0001:0001ec50       ?SetOffset@CUIRes@@QAEXVCPoint@@@Z 0041fc50 f i ChildView.obj
 0001:0001ec90       ??_E?$CArray@HH@@UAEPAXI@Z 0041fc90 f i ChildView.obj
 0001:0001ed20       ?DDRelease@CChildView@@QAEHXZ 0041fd20 f   ChildView.obj
 0001:0001eef0       ?OnCreate@CChildView@@IAEHPAUtagCREATESTRUCTA@@@Z 0041fef0 f   ChildView.obj
 0001:0001f000       ?SetRelatedHwnd@DirectXMng@@QAEXPAUHWND__@@@Z 00420000 f i ChildView.obj
 0001:0001f030       ?OnDestroy@CChildView@@IAEXXZ 00420030 f   ChildView.obj
 0001:0001f0f0       ?OnEraseBkgnd@CChildView@@IAEHPAVCDC@@@Z 004200f0 f   ChildView.obj
 0001:0001f120       ?LogFrameRate@@YAXAAVDirectXMng@@VCPoint@@@Z 00420120 f   ChildView.obj
 0001:0001f2f0       ?DrawRainDrops@CChildView@@QAEXXZ 004202f0 f   ChildView.obj
 0001:0001f5b0       ?GetLightning@CRain@@SAHXZ 004205b0 f i ChildView.obj
 0001:0001f5e0       ?GetRainNum@CRain@@SAHXZ   004205e0 f i ChildView.obj
 0001:0001f630       ?DrawRains@CChildView@@QAEXXZ 00420630 f   ChildView.obj
 0001:0001fb40       ?GetRainChange@CWeather@@QAEHXZ 00420b40 f i ChildView.obj
 0001:0001fb70       ?SetLightning@CRain@@SAXH@Z 00420b70 f i ChildView.obj
 0001:0001fba0       ?DrawNight@CChildView@@QAEXXZ 00420ba0 f   ChildView.obj
 0001:0001fdf0       ?BackLoading@CChildView@@QAEXVCPoint@@@Z 00420df0 f   ChildView.obj
 0001:00020710       ?DrawNight1@CChildView@@QAEXH@Z 00421710 f   ChildView.obj
 0001:00020ac0       ??0TAG_LIGHT_INFO@@QAE@XZ  00421ac0 f i ChildView.obj
 0001:00020b00       ?IdleProcess@CChildView@@QAEHJ@Z 00421b00 f   ChildView.obj
 0001:000216f0       ?GetMouseInfoPtr@DirectXMng@@QAEPAVBBDX_MouseInformation@@XZ 004226f0 f i ChildView.obj
 0001:00021720       ?IsChangePos@CBaseDraw@@QAEHVCPoint@@@Z 00422720 f i ChildView.obj
 0001:00021770       ?NFocusIdleProcess@CChildView@@QAEHJ@Z 00422770 f   ChildView.obj
 0001:000217b0       ?SocketInit@CChildView@@QAEHXZ 004227b0 f   ChildView.obj
 0001:000217f0       ?SocketRelease@CChildView@@QAEHXZ 004227f0 f   ChildView.obj
 0001:00021830       ?PacketProcess@CChildView@@QAEXXZ 00422830 f   ChildView.obj
 0001:000218f0       ?OnPacketProcess@CChildView@@IAEJIJ@Z 004228f0 f   ChildView.obj
 0001:00021940       ?OnPacketPending@CChildView@@IAEJIJ@Z 00422940 f   ChildView.obj
 0001:00021990       ?MouseProcess@CChildView@@QAEHXZ 00422990 f   ChildView.obj
 0001:000220d0       ?GetCaptureStatus@CUIRes@@QAEHXZ 004230d0 f i ChildView.obj
 0001:00022100       ?IsCharDie@CUser@@QAEHXZ   00423100 f i ChildView.obj
 0001:00022150       ?AccountMouseProcess@CChildView@@QAEXPAH@Z 00423150 f   ChildView.obj
 0001:000221b0       ?LoginMouseProcess@CChildView@@QAEXPAVCDialog_Login@@@Z 004231b0 f   ChildView.obj
 0001:00022220       ?LBtnDown@CChildView@@QAEXAAVCPoint@@@Z 00423220 f   ChildView.obj
 0001:00022730       ?SetByte@CPacketParser@@SAXPAEAAHE@Z 00423730 f i ChildView.obj
 0001:00022770       ?MP_AddByte@SocketMng@@SAXPAEAAHE@Z 00423770 f i ChildView.obj
 0001:000227c0       ?IsSelectMode@CHousePlaceManager@@QAEHXZ 004237c0 f i ChildView.obj
 0001:000227f0       ?LBtnPressing@CChildView@@QAEXAAVCPoint@@@Z 004237f0 f   ChildView.obj
 0001:00022a70       ?IsCharAttack@CUser@@QAEHXZ 00423a70 f i ChildView.obj
 0001:00022ab0       ?LBtnUp@CChildView@@QAEXAAVCPoint@@@Z 00423ab0 f   ChildView.obj
 0001:00022ae0       ?RBtnDown@CChildView@@QAEXAAVCPoint@@@Z 00423ae0 f   ChildView.obj
 0001:00022c80       ?RBtnPressing@CChildView@@QAEXAAVCPoint@@@Z 00423c80 f   ChildView.obj
 0001:00022cb0       ?RBtnUp@CChildView@@QAEXAAVCPoint@@@Z 00423cb0 f   ChildView.obj
 0001:00022ce0       ?MouseMove@CChildView@@QAEXAAVCPoint@@H@Z 00423ce0 f   ChildView.obj
 0001:00022f90       ?OnLButtonDown@CChildView@@IAEXIVCPoint@@@Z 00423f90 f   ChildView.obj
 0001:00023000       ?IsDirectInputValid@DirectXMng@@QAEHXZ 00424000 f i ChildView.obj
 0001:00023040       ?OnLButtonDblClk@CChildView@@IAEXIVCPoint@@@Z 00424040 f   ChildView.obj
 0001:000230b0       ?OnLButtonUp@CChildView@@IAEXIVCPoint@@@Z 004240b0 f   ChildView.obj
 0001:00023120       ?OnMouseMove@CChildView@@IAEXIVCPoint@@@Z 00424120 f   ChildView.obj
 0001:00023190       ?OnRButtonDown@CChildView@@IAEXIVCPoint@@@Z 00424190 f   ChildView.obj
 0001:00023200       ?OnRButtonUp@CChildView@@IAEXIVCPoint@@@Z 00424200 f   ChildView.obj
 0001:00023270       ?SetMyUserId@CChildView@@QAEXH@Z 00424270 f   ChildView.obj
 0001:000232c0       ?SetMyUserId@CUserManager@@QAEXH@Z 004242c0 f i ChildView.obj
 0001:00023300       ?CreateEditor@CChildView@@QAEXXZ 00424300 f   ChildView.obj
 0001:000234b0       ?OnSetFocus@CChildView@@IAEXPAVCWnd@@@Z 004244b0 f   ChildView.obj
 0001:00023540       ?OnKeyDown@CChildView@@IAEXIII@Z 00424540 f   ChildView.obj
 0001:00023a90       ?IsVisible@CDialog_MagicCtrl@@QAEHXZ 00424a90 f i ChildView.obj
 0001:00023ac0       ?InitStaticVariables@CChildView@@QAEXXZ 00424ac0 f   ChildView.obj
 0001:00023b20       ?Search_Item@CChildView@@QAEXXZ 00424b20 f   ChildView.obj
 0001:00023d30       ?Item_Draw@CChildView@@QAEXXZ 00424d30 f   ChildView.obj
 0001:00023d90       ?ShopItem_Draw@CChildView@@QAEXXZ 00424d90 f   ChildView.obj
 0001:00023df0       ?Magic_Item_Draw@CChildView@@QAEXXZ 00424df0 f   ChildView.obj
 0001:00023e30       ?AuctionSell_Item_Draw@CChildView@@QAEXXZ 00424e30 f   ChildView.obj
 0001:00023e80       ?Item_Init@CChildView@@QAEXXZ 00424e80 f   ChildView.obj
 0001:00023ed0       ?ChangeItem@CChildView@@SAHH@Z 00424ed0 f   ChildView.obj
 0001:00023fa0       ?AttackMagic@CChildView@@QAEXHHH@Z 00424fa0 f   ChildView.obj
 0001:00023fd0       ?Rail_MagicProcess@CChildView@@QAEXXZ 00424fd0 f   ChildView.obj
 0001:00024000       ?LoginAcount@CChildView@@QAEHVCString@@0@Z 00425000 f   ChildView.obj
 0001:000241f0       ??1CMsg@@UAE@XZ            004251f0 f i ChildView.obj
 0001:00024230       ?LoginAcountNew@CChildView@@QAEHXZ 00425230 f   ChildView.obj
 0001:000245c0       ?LogIn@CChildView@@QAEHXZ  004255c0 f   ChildView.obj
 0001:000246e0       ?Login_Window@CChildView@@QAEXXZ 004256e0 f   ChildView.obj
 0001:00024bd0       ?InitLogin@CChildView@@QAEHXZ 00425bd0 f   ChildView.obj
 0001:00027ab0       ?GetViewMode@CDialog_AccountLogin@@QAEHXZ 00428ab0 f i ChildView.obj
 0001:00027ae0       ?InitChar@CChildView@@QAEXXZ 00428ae0 f   ChildView.obj
 0001:00027e50       ?ReStart@CChildView@@QAEXXZ 00428e50 f   ChildView.obj
 0001:00028470       ?GameLogin@CChildView@@QAEXXZ 00429470 f   ChildView.obj
 0001:0002a210       ?GetSessionLoginStatus@CPacketParser@@QAEHXZ 0042b210 f i ChildView.obj
 0001:0002a240       ??0_tgCharData@@QAE@XZ     0042b240 f i ChildView.obj
 0001:0002a290       ?LoginCharterView@CChildView@@QAEXXZ 0042b290 f   ChildView.obj
 0001:0002a2d0       ?LoginView@CChildView@@QAEXXZ 0042b2d0 f   ChildView.obj
 0001:0002a460       ?SendNewHero@CChildView@@QAEHVCString@@PAVCDialog_Login@@@Z 0042b460 f   ChildView.obj
 0001:0002a6c0       ?SetShort@CPacketParser@@SAXPAEAAHF@Z 0042b6c0 f i ChildView.obj
 0001:0002a700       ?MP_AddShort@SocketMng@@SAXPAEAAHF@Z 0042b700 f i ChildView.obj
 0001:0002a750       ?SetString@CPacketParser@@SAXPAEAAH0H@Z 0042b750 f i ChildView.obj
 0001:0002a7a0       ?MP_AddString@SocketMng@@SAXPAEAAH0H@Z 0042b7a0 f i ChildView.obj
 0001:0002a7f0       ?SendDelHero@CChildView@@QAEXVCString@@@Z 0042b7f0 f   ChildView.obj
 0001:0002a8d0       ?NewHeroProcess@CChildView@@QAEXPAE@Z 0042b8d0 f   ChildView.obj
 0001:0002b540       ?GetShort@CPacketParser@@SAAAFPAEAAH@Z 0042c540 f i ChildView.obj
 0001:0002b580       ?Parse_GetShort@SocketMng@@SAAAFPAEAAH@Z 0042c580 f i ChildView.obj
 0001:0002b5c0       ?GetInt@CPacketParser@@SAAAHPAEAAH@Z 0042c5c0 f i ChildView.obj
 0001:0002b600       ?GetByte@CPacketParser@@SAAAEPAEAAH@Z 0042c600 f i ChildView.obj
 0001:0002b640       ?Parse_GetByte@SocketMng@@SAAAEPAEAAH@Z 0042c640 f i ChildView.obj
 0001:0002b680       ?GetString@CPacketParser@@SAXPAEAAH0H@Z 0042c680 f i ChildView.obj
 0001:0002b6d0       ?Parse_GetString@SocketMng@@SAXPAEAAH0H@Z 0042c6d0 f i ChildView.obj
 0001:0002b730       ?DelHeroProcess@CChildView@@QAEXPAE@Z 0042c730 f   ChildView.obj
 0001:0002bb20       ?NewCharter@CChildView@@QAEXXZ 0042cb20 f   ChildView.obj
 0001:0002bcc0       ?UseItemProcess@CChildView@@SAXPAE@Z 0042ccc0 f   ChildView.obj
 0001:0002c000       ?ThrowItemProcess@CChildView@@SAXPAE@Z 0042d000 f   ChildView.obj
 0001:0002c1f0       ?PickUpItemProcess@CChildView@@SAXPAE@Z 0042d1f0 f   ChildView.obj
 0001:0002c2f0       ?OutItemProcess@CChildView@@SAXPAE@Z 0042d2f0 f   ChildView.obj
 0001:0002c370       ?GetItemProcess@CChildView@@SAXPAE@Z 0042d370 f   ChildView.obj
 0001:0002c440       ?MoneyChangeProcess@CChildView@@SAXPAE@Z 0042d440 f   ChildView.obj
 0001:0002c4a0       ?GetDword@CPacketParser@@SAAAKPAEAAH@Z 0042d4a0 f i ChildView.obj
 0001:0002c4e0       ?Parse_GetDword@SocketMng@@SAAAKPAEAAH@Z 0042d4e0 f i ChildView.obj
 0001:0002c520       ?FieldInfoItemProcess@CChildView@@SAXPAE@Z 0042d520 f   ChildView.obj
 0001:0002c6c0       ?CharacterDataProcess@CChildView@@SAXPAE@Z 0042d6c0 f   ChildView.obj
 0001:0002cef0       ?SetDeposition@CUser@@QAEXF@Z 0042def0 f i ChildView.obj
 0001:0002d0b0       ?ClearScreen@CChildView@@QAEXXZ 0042e0b0 f   ChildView.obj
 0001:0002d130       ?PixelToCellUnit@CChildView@@SA?AVCPoint@@V2@@Z 0042e130 f   ChildView.obj
 0001:0002d280       ?CellUnitToPixel@CChildView@@SA?AVCPoint@@V2@@Z 0042e280 f   ChildView.obj
 0001:0002d2e0       ?DrawObject@CChildView@@QAEXXZ 0042e2e0 f   ChildView.obj
 0001:0002d330       ?ChatMode@CChildView@@QAEXH@Z 0042e330 f   ChildView.obj
 0001:0002d3d0       ?DrawHousePlace@CChildView@@QAEXXZ 0042e3d0 f   ChildView.obj
 0001:0002d570       ?ViewSelectBox@CChildView@@QAEXVCRect@@H@Z 0042e570 f   ChildView.obj
 0001:0002d600       ?ReadItemIndex@CChildView@@QAEXXZ 0042e600 f   ChildView.obj
 0001:0002d850       ?GetItemArmTypeIndex@CChildView@@QAEHH@Z 0042e850 f   ChildView.obj
 0001:0002d8a0       ?GetItemDrawOrderIndex@CChildView@@QAEHH@Z 0042e8a0 f   ChildView.obj
 0001:0002d8f0       ?GetItemPicIndex@CChildView@@QAEHH@Z 0042e8f0 f   ChildView.obj
 0001:0002d940       ?DrawTile@CChildView@@QAEXH@Z 0042e940 f   ChildView.obj
 0001:0002e0a0       ?OnTimer@CChildView@@IAEXI@Z 0042f0a0 f   ChildView.obj
 0001:0002e100       ?SendMagicBelt@@YAXXZ      0042f100 f   ChildView.obj
 0001:0002e1b0       ?OnSysKeyDown@CChildView@@IAEXIII@Z 0042f1b0 f   ChildView.obj
 0001:0002e250       ?DrawShawdowObj@CChildView@@QAEXPAVCDDSurface@@@Z 0042f250 f   ChildView.obj
 0001:0002e660       ?DrawShawdowObj@CChildView@@QAEXXZ 0042f660 f   ChildView.obj
 0001:0002e920       ?DrawShawdowObjEx@CChildView@@QAEXXZ 0042f920 f   ChildView.obj
 0001:0002ed40       ?DrawObj@CChildView@@QAEXH@Z 0042fd40 f   ChildView.obj
 0001:0002f0f0       ?DisplayDate@CChildView@@QAEXXZ 004300f0 f   ChildView.obj
 0001:0002f340       ?DisplayRRStats@@YAXAAVDirectXMng@@@Z 00430340 f   ChildView.obj
 0001:0002f8e0       ?FieldCheck@CChildView@@QAEHVCPoint@@HHPAUtagRECT@@PAG@Z 004308e0 f   ChildView.obj
 0001:0002fa20       ?LineCheck@CChildView@@QAEHVCPoint@@HHPAUtagRECT@@PAG@Z 00430a20 f   ChildView.obj
 0001:0002fc90       ?DrawObjEx@CChildView@@QAEXHVCPoint@@00H@Z 00430c90 f   ChildView.obj
 0001:000302f0       ?DrawHouseIn@CChildView@@QAEXHHVCPoint@@0H@Z 004312f0 f   ChildView.obj
 0001:00030970       ?BackLoadingEx@CChildView@@QAEXVCPoint@@@Z 00431970 f   ChildView.obj
 0001:000317a0       ?ArrangeTileResource@CChildView@@QAEXXZ 004327a0 f   ChildView.obj
 0001:000318d0       ?OnChar@CChildView@@IAEXIII@Z 004328d0 f   ChildView.obj
 0001:00031970       ?GetFocusStatus@BBDX_Editor@@QAEHXZ 00432970 f i ChildView.obj
 0001:000319a0       ?OnImeStartComposition@CChildView@@IAEJIJ@Z 004329a0 f   ChildView.obj
 0001:00031a10       ?OnImeComposition@CChildView@@IAEJIJ@Z 00432a10 f   ChildView.obj
 0001:00031a80       ?OnImeEndComposition@CChildView@@IAEJIJ@Z 00432a80 f   ChildView.obj
 0001:00031af0       ?OnImeCompositionFull@CChildView@@IAEJIJ@Z 00432af0 f   ChildView.obj
 0001:00031b60       ?OnKeyUp@CChildView@@IAEXIII@Z 00432b60 f   ChildView.obj
 0001:00031bd0       ?OnSysKeyUp@CChildView@@IAEXIII@Z 00432bd0 f   ChildView.obj
 0001:00031c30       ?SendLivePacket@CChildView@@QAEXXZ 00432c30 f   ChildView.obj
 0001:00031cf0       ?Notice@CChildView@@QAEXPAE@Z 00432cf0 f   ChildView.obj
 0001:00032030       ?RemoveUnUseLSP@CChildView@@QAEXXZ 00433030 f   ChildView.obj
 0001:000320d0       ?DrawMyInObj@CChildView@@QAE?AVCPoint@@HV2@00H@Z 004330d0 f   ChildView.obj
 0001:00032200       ?DrawCommonObj@CChildView@@QAEXHVCPoint@@00H@Z 00433200 f   ChildView.obj
 0001:00032980       ?DrawMyInHouseAndInCheck@CChildView@@QAE?AVCPoint@@HV2@00H@Z 00433980 f   ChildView.obj
 0001:00032fc0       ?GetHousePoint@CHouse@@QAE?AVCPoint@@XZ 00433fc0 f i ChildView.obj
 0001:00033000       ?IsChange@CHouse@@QAEHXZ   00434000 f i ChildView.obj
 0001:00033030       ?SetHousePoint@CHouse@@QAEXVCPoint@@@Z 00434030 f i ChildView.obj
 0001:00033070       ?DrawMyOutObj@CChildView@@QAEXHVCPoint@@00H@Z 00434070 f   ChildView.obj
 0001:00033120       ?DrawTransOutHouse@CChildView@@QAEXHHVCPoint@@0HH@Z 00434120 f   ChildView.obj
 0001:000333a0       ?DrawMyOutHouse@CChildView@@QAEXHVCPoint@@00H@Z 004343a0 f   ChildView.obj
 0001:00033aa0       ?SetMainMode@CChildView@@QAEXH@Z 00434aa0 f   ChildView.obj
 0001:00033bc0       ?GetDXVersion@@YAXPAK0@Z   00434bc0 f   ChildView.obj
 0001:00034330       ?GetAt@?$CArray@PAU_TAG_MAGIC_TABLE@@PAU1@@@QBEPAU_TAG_MAGIC_TABLE@@H@Z 00435330 f i ChildView.obj
 0001:000343a0       ?GetStartPosition@?$CMap@HHPAV_TILE_SET_TOOL@@PAV1@@@QBEPAU__POSITION@@XZ 004353a0 f i ChildView.obj
 0001:000343d0       ?GetNextAssoc@?$CMap@HHPAV_TILE_SET_TOOL@@PAV1@@@QBEXAAPAU__POSITION@@AAHAAPAV_TILE_SET_TOOL@@@Z 004353d0 f i ChildView.obj
 0001:00034550       ??0?$CArray@UTAG_LIGHT_INFO@@U1@@@QAE@XZ 00435550 f i ChildView.obj
 0001:000345c0       ?RemoveAll@?$CArray@UTAG_LIGHT_INFO@@U1@@@QAEXXZ 004355c0 f i ChildView.obj
 0001:00034600       ?Add@?$CArray@UTAG_LIGHT_INFO@@U1@@@QAEHUTAG_LIGHT_INFO@@@Z 00435600 f i ChildView.obj
 0001:00034660       ??1?$CArray@UTAG_LIGHT_INFO@@U1@@@UAE@XZ 00435660 f i ChildView.obj
 0001:00034710       ?Serialize@?$CArray@UTAG_LIGHT_INFO@@U1@@@UAEXAAVCArchive@@@Z 00435710 f i ChildView.obj
 0001:000347b0       ?Dump@?$CArray@UTAG_LIGHT_INFO@@U1@@@UBEXAAVCDumpContext@@@Z 004357b0 f i ChildView.obj
 0001:00034850       ?AssertValid@?$CArray@UTAG_LIGHT_INFO@@U1@@@UBEXXZ 00435850 f i ChildView.obj
 0001:00034980       ??0?$CMap@HHPADAAPAD@@QAE@H@Z 00435980 f i ChildView.obj
 0001:00034a50       ?IsEmpty@?$CMap@HHPADAAPAD@@QBEHXZ 00435a50 f i ChildView.obj
 0001:00034a90       ?Lookup@?$CMap@HHPADAAPAD@@QBEHHAAPAD@Z 00435a90 f i ChildView.obj
 0001:00034b00       ??A?$CMap@HHPADAAPAD@@QAEAAPADH@Z 00435b00 f i ChildView.obj
 0001:00034bc0       ?RemoveAll@?$CMap@HHPADAAPAD@@QAEXXZ 00435bc0 f i ChildView.obj
 0001:00034cb0       ?GetStartPosition@?$CMap@HHPADAAPAD@@QBEPAU__POSITION@@XZ 00435cb0 f i ChildView.obj
 0001:00034ce0       ?GetNextAssoc@?$CMap@HHPADAAPAD@@QBEXAAPAU__POSITION@@AAHAAPAD@Z 00435ce0 f i ChildView.obj
 0001:00034e60       ??1?$CMap@HHPADAAPAD@@UAE@XZ 00435e60 f i ChildView.obj
 0001:00034f00       ?Serialize@?$CMap@HHPADAAPAD@@UAEXAAVCArchive@@@Z 00435f00 f i ChildView.obj
 0001:00035050       ?Dump@?$CMap@HHPADAAPAD@@UBEXAAVCDumpContext@@@Z 00436050 f i ChildView.obj
 0001:00035130       ?AssertValid@?$CMap@HHPADAAPAD@@UBEXXZ 00436130 f i ChildView.obj
 0001:000351c0       ??_G?$CArray@UTAG_LIGHT_INFO@@U1@@@UAEPAXI@Z 004361c0 f i ChildView.obj
 0001:000351c0       ??_E?$CArray@UTAG_LIGHT_INFO@@U1@@@UAEPAXI@Z 004361c0 f i ChildView.obj
 0001:00035210       ??_G?$CMap@HHPADAAPAD@@UAEPAXI@Z 00436210 f i ChildView.obj
 0001:00035210       ??_E?$CMap@HHPADAAPAD@@UAEPAXI@Z 00436210 f i ChildView.obj
 0001:00035260       ?SetSize@?$CArray@UTAG_LIGHT_INFO@@U1@@@QAEXHH@Z 00436260 f i ChildView.obj
 0001:00035590       ?SetAtGrow@?$CArray@UTAG_LIGHT_INFO@@U1@@@QAEXHUTAG_LIGHT_INFO@@@Z 00436590 f i ChildView.obj
 0001:00035630       ?DestructElements@@YGXPAUTAG_LIGHT_INFO@@H@Z 00436630 f i ChildView.obj
 0001:000356b0       ?SerializeElements@@YGXAAVCArchive@@PAUTAG_LIGHT_INFO@@H@Z 004366b0 f i ChildView.obj
 0001:00035750       ?DumpElements@@YGXAAVCDumpContext@@PBUTAG_LIGHT_INFO@@H@Z 00436750 f i ChildView.obj
 0001:000357b0       ?SetAt@?$CMap@HHPADAAPAD@@QAEXHAAPAD@Z 004367b0 f i ChildView.obj
 0001:00035800       ?InitHashTable@?$CMap@HHPADAAPAD@@QAEXIH@Z 00436800 f i ChildView.obj
 0001:00035900       ?NewAssoc@?$CMap@HHPADAAPAD@@IAEPAUCAssoc@1@XZ 00436900 f i ChildView.obj
 0001:00035a40       ?GetAssocAt@?$CMap@HHPADAAPAD@@IBEPAUCAssoc@1@HAAI@Z 00436a40 f i ChildView.obj
 0001:00035ae0       ?DestructElements@@YGXPAPADH@Z 00436ae0 f i ChildView.obj
 0001:00035b60       ?SerializeElements@@YGXAAVCArchive@@PAPADH@Z 00436b60 f i ChildView.obj
 0001:00035c00       ?DumpElements@@YGXAAVCDumpContext@@PBQADH@Z 00436c00 f i ChildView.obj
 0001:00035c60       ?ConstructElements@@YGXPAUTAG_LIGHT_INFO@@H@Z 00436c60 f i ChildView.obj
 0001:00035d50       ?ConstructElements@@YGXPAPADH@Z 00436d50 f i ChildView.obj
 0001:00035e00       ??0CDialog_AccountLogin@@QAE@XZ 00436e00 f   Dialog_AccountLogin.obj
 0001:00035fe0       ?DragDraw@CUIRes@@UAEHPAVCDDSurface@@@Z 00436fe0 f i Dialog_AccountLogin.obj
 0001:00036010       ?OnLButtonDblClk@CUIRes@@UAEHPAVBBDX_MouseInformation@@@Z 00437010 f i Dialog_AccountLogin.obj
 0001:00036040       ?OnKeyUp@CUIRes@@UAEHIII@Z 00437040 f i Dialog_AccountLogin.obj
 0001:00036070       ?TapHopping@CUIRes@@UAEXXZ 00437070 f i Dialog_AccountLogin.obj
 0001:000360a0       ?CallBack_MessageBox@CUIRes@@UAEXHH@Z 004370a0 f i Dialog_AccountLogin.obj
 0001:000360d0       ?HideAllWindow@CUIRes@@UAEXXZ 004370d0 f i Dialog_AccountLogin.obj
 0001:00036100       ??1SWater@@QAE@XZ          00437100 f i Dialog_AccountLogin.obj
 0001:00036130       ??_ECDialog_AccountLogin@@UAEPAXI@Z 00437130 f i Dialog_AccountLogin.obj
 0001:00036130       ??_GCDialog_AccountLogin@@UAEPAXI@Z 00437130 f i Dialog_AccountLogin.obj
 0001:00036190       ??1CDialog_AccountLogin@@UAE@XZ 00437190 f   Dialog_AccountLogin.obj
 0001:00036530       ?KillFocus@CDialog_AccountLogin@@QAEXXZ 00437530 f   Dialog_AccountLogin.obj
 0001:00036560       ?SetFocus@CDialog_AccountLogin@@UAEXXZ 00437560 f   Dialog_AccountLogin.obj
 0001:00036590       ?DrawEditorText@CDialog_AccountLogin@@QAEXPAVCDDSurface@@HH@Z 00437590 f   Dialog_AccountLogin.obj
 0001:00036a80       ?CreateEditor@CDialog_AccountLogin@@QAEXPAVCWnd@@H@Z 00437a80 f   Dialog_AccountLogin.obj
 0001:00037f10       ?DeletePersonalCheck@CDialog_AccountLogin@@QAEXXZ 00438f10 f   Dialog_AccountLogin.obj
 0001:00038060       ?Create@CDialog_AccountLogin@@QAEHPAVCDirectDraw@@VCString@@HHH@Z 00439060 f   Dialog_AccountLogin.obj
 0001:000381a0       ?GetTextOutRect@CDialog_AccountLogin@@QAE?AVCRect@@H@Z 004391a0 f   Dialog_AccountLogin.obj
 0001:00038220       ?MouseProcess@CDialog_AccountLogin@@QAEHPAVBBDX_MouseInformation@@PAH@Z 00439220 f   Dialog_AccountLogin.obj
 0001:00038340       ?Draw@CDialog_AccountLogin@@UAEHPAVCDDSurface@@@Z 00439340 f   Dialog_AccountLogin.obj
 0001:000386d0       ?DrawErrorText@CDialog_AccountLogin@@QAEXAAU_DDSURFACEDESC2@@@Z 004396d0 f   Dialog_AccountLogin.obj
 0001:000388d0       ?GameOpen@CDialog_AccountLogin@@QAEXXZ 004398d0 f   Dialog_AccountLogin.obj
 0001:00038900       ?SetMessage@CDialog_AccountLogin@@QAEXVCString@@@Z 00439900 f   Dialog_AccountLogin.obj
 0001:00038980       ?OnLButtonDown@CDialog_AccountLogin@@UAEHPAVBBDX_MouseInformation@@@Z 00439980 f   Dialog_AccountLogin.obj
 0001:00039420       ?OnLButtonUp@CDialog_AccountLogin@@UAEHPAVBBDX_MouseInformation@@@Z 0043a420 f   Dialog_AccountLogin.obj
 0001:000396e0       ?OnMouseMove@CDialog_AccountLogin@@UAEHPAVBBDX_MouseInformation@@@Z 0043a6e0 f   Dialog_AccountLogin.obj
 0001:000398f0       ?SetViewMode@CDialog_AccountLogin@@QAEXH@Z 0043a8f0 f   Dialog_AccountLogin.obj
 0001:00039980       ?InitAccount@CDialog_AccountLogin@@QAEXXZ 0043a980 f   Dialog_AccountLogin.obj
 0001:000399c0       ?InitNewAccount@CDialog_AccountLogin@@QAEXXZ 0043a9c0 f   Dialog_AccountLogin.obj
 0001:00039a00       ?InitMsg@CDialog_AccountLogin@@QAEXXZ 0043aa00 f   Dialog_AccountLogin.obj
 0001:00039a40       ??A?$CTypedPtrArray@VCPtrArray@@PAVMAreaCtrl@@@@QAEAAPAVMAreaCtrl@@H@Z 0043aa40 f i Dialog_AccountLogin.obj
 0001:00039a80       ??A?$CTypedPtrArray@VCPtrArray@@PAVMBtnCtrl@@@@QAEAAPAVMBtnCtrl@@H@Z 0043aa80 f i Dialog_AccountLogin.obj
 0001:00039ac0       ??0CDialog_AuctionBuy@@QAE@XZ 0043aac0 f   Dialog_Auctionbuy.obj
 0001:00039b80       ??_GCDialog_AuctionBuy@@UAEPAXI@Z 0043ab80 f i Dialog_Auctionbuy.obj
 0001:00039b80       ??_ECDialog_AuctionBuy@@UAEPAXI@Z 0043ab80 f i Dialog_Auctionbuy.obj
 0001:00039be0       ??0?$CTypedPtrArray@VCPtrArray@@PAVITEM_AUCTION@@@@QAE@XZ 0043abe0 f i Dialog_Auctionbuy.obj
 0001:00039c30       ??_G?$CTypedPtrArray@VCPtrArray@@PAVITEM_AUCTION@@@@UAEPAXI@Z 0043ac30 f i Dialog_Auctionbuy.obj
 0001:00039c30       ??_E?$CTypedPtrArray@VCPtrArray@@PAVITEM_AUCTION@@@@UAEPAXI@Z 0043ac30 f i Dialog_Auctionbuy.obj
 0001:00039c80       ??1?$CTypedPtrArray@VCPtrArray@@PAVITEM_AUCTION@@@@UAE@XZ 0043ac80 f i Dialog_Auctionbuy.obj
 0001:00039cc0       ??1CDialog_AuctionBuy@@UAE@XZ 0043acc0 f   Dialog_Auctionbuy.obj
 0001:00039e20       ??_ECString@@QAEPAXI@Z     0043ae20 f i Dialog_Auctionbuy.obj
 0001:00039ec0       ?Create@CDialog_AuctionBuy@@UAEHPAVCDirectDraw@@VCString@@HHHH@Z 0043aec0 f   Dialog_Auctionbuy.obj
 0001:0003a0a0       ?InitData@CDialog_AuctionBuy@@QAEXXZ 0043b0a0 f   Dialog_Auctionbuy.obj
 0001:0003a0e0       ?DeleteContents@CDialog_AuctionBuy@@QAEXXZ 0043b0e0 f   Dialog_Auctionbuy.obj
 0001:0003a1d0       ??_GITEM_AUCTION@@QAEPAXI@Z 0043b1d0 f i Dialog_Auctionbuy.obj
 0001:0003a230       ??1ITEM_AUCTION@@QAE@XZ    0043b230 f i Dialog_Auctionbuy.obj
 0001:0003a2c0       ?ShowWindow@CDialog_AuctionBuy@@UAEXXZ 0043b2c0 f   Dialog_Auctionbuy.obj
 0001:0003a370       ?IsLoading@CUIRes@@QAEHXZ  0043b370 f i Dialog_Auctionbuy.obj
 0001:0003a3a0       ?HideWindow@CDialog_AuctionBuy@@UAEXXZ 0043b3a0 f   Dialog_Auctionbuy.obj
 0001:0003a3f0       ?HideAllWindow@CDialog_AuctionBuy@@UAEXXZ 0043b3f0 f   Dialog_Auctionbuy.obj
 0001:0003a430       ?OnButtonAction@CDialog_AuctionBuy@@UAEHHH@Z 0043b430 f   Dialog_Auctionbuy.obj
 0001:0003a4d0       ?ScrollDown@CUIScrollBar@@QAEXXZ 0043b4d0 f i Dialog_Auctionbuy.obj
 0001:0003a540       ?ScrollUp@CUIScrollBar@@QAEXXZ 0043b540 f i Dialog_Auctionbuy.obj
 0001:0003a5b0       ?Draw@CDialog_AuctionBuy@@UAEHPAVCDDSurface@@@Z 0043b5b0 f   Dialog_Auctionbuy.obj
 0001:0003aa30       ?GetStartLine@CUIScrollBar@@QAEHXZ 0043ba30 f i Dialog_Auctionbuy.obj
 0001:0003aa60       ?SetScrollData@CDialog_AuctionBuy@@QAEXXZ 0043ba60 f   Dialog_Auctionbuy.obj
 0001:0003ab00       ?SetMaxLineCount@CUIScrollBar@@QAEXH@Z 0043bb00 f i Dialog_Auctionbuy.obj
 0001:0003ab30       ?SetViewLineCount@CUIScrollBar@@QAEXH@Z 0043bb30 f i Dialog_Auctionbuy.obj
 0001:0003ab60       ?OnLButtonDown@CDialog_AuctionBuy@@UAEHPAVBBDX_MouseInformation@@@Z 0043bb60 f   Dialog_Auctionbuy.obj
 0001:0003ad30       ?CallBack_MessageBox@CDialog_AuctionBuy@@UAEXHH@Z 0043bd30 f   Dialog_Auctionbuy.obj
 0001:0003add0       ?SendAuction@CDialog_AuctionBuy@@QAEXK@Z 0043bdd0 f   Dialog_Auctionbuy.obj
 0001:0003ae90       ?SetInt@CPacketParser@@SAXPAEAAHH@Z 0043be90 f i Dialog_Auctionbuy.obj
 0001:0003aed0       ?MP_AddInt@SocketMng@@SAXPAEAAHH@Z 0043bed0 f i Dialog_Auctionbuy.obj
 0001:0003af20       ?SetDword@CPacketParser@@SAXPAEAAHK@Z 0043bf20 f i Dialog_Auctionbuy.obj
 0001:0003af60       ?MP_AddDword@SocketMng@@SAXPAEAAHK@Z 0043bf60 f i Dialog_Auctionbuy.obj
 0001:0003afb0       ?RcvOpen@CDialog_AuctionBuy@@QAEXPAE@Z 0043bfb0 f   Dialog_Auctionbuy.obj
 0001:0003b580       ??0ITEM_AUCTION@@QAE@XZ    0043c580 f i Dialog_Auctionbuy.obj
 0001:0003b6c0       ?RcvAuction@CDialog_AuctionBuy@@QAEXPAE@Z 0043c6c0 f   Dialog_Auctionbuy.obj
 0001:0003b790       ?OnLButtonUp@CDialog_AuctionBuy@@UAEHPAVBBDX_MouseInformation@@@Z 0043c790 f   Dialog_Auctionbuy.obj
 0001:0003b7f0       ?OnMouseMove@CDialog_AuctionBuy@@UAEHPAVBBDX_MouseInformation@@@Z 0043c7f0 f   Dialog_Auctionbuy.obj
 0001:0003b850       ?Add@?$CTypedPtrArray@VCPtrArray@@PAVITEM_AUCTION@@@@QAEHPAVITEM_AUCTION@@@Z 0043c850 f i Dialog_Auctionbuy.obj
 0001:0003b890       ??A?$CTypedPtrArray@VCPtrArray@@PAVITEM_AUCTION@@@@QAEAAPAVITEM_AUCTION@@H@Z 0043c890 f i Dialog_Auctionbuy.obj
 0001:0003b8d0       ??0CDialog_AuctionDetail@@QAE@XZ 0043c8d0 f   Dialog_AuctionDetail.obj
 0001:0003b9a0       ??_GCDialog_AuctionDetail@@UAEPAXI@Z 0043c9a0 f i Dialog_AuctionDetail.obj
 0001:0003b9a0       ??_ECDialog_AuctionDetail@@UAEPAXI@Z 0043c9a0 f i Dialog_AuctionDetail.obj
 0001:0003ba00       ??1CDialog_AuctionDetail@@UAE@XZ 0043ca00 f   Dialog_AuctionDetail.obj
 0001:0003bb00       ?OnButtonAction@CDialog_AuctionDetail@@UAEHHH@Z 0043cb00 f   Dialog_AuctionDetail.obj
 0001:0003bd60       ?OnKeyDown@CDialog_AuctionDetail@@UAEHIII@Z 0043cd60 f   Dialog_AuctionDetail.obj
 0001:0003bfb0       ?Draw@CDialog_AuctionDetail@@UAEHPAVCDDSurface@@@Z 0043cfb0 f   Dialog_AuctionDetail.obj
 0001:0003c2b0       ?Create@CDialog_AuctionDetail@@UAEHPAVCDirectDraw@@VCString@@HHHH@Z 0043d2b0 f   Dialog_AuctionDetail.obj
 0001:0003c490       ?ShowWindow@CDialog_AuctionDetail@@QAEXHPAVCUIRes@@PAVITEM_AUCTION@@@Z 0043d490 f   Dialog_AuctionDetail.obj
 0001:0003ce30       ?SetWnd@CUIRes@@QAEXPAVCWnd@@@Z 0043de30 f i Dialog_AuctionDetail.obj
 0001:0003ce70       ?HideWindow@CDialog_AuctionDetail@@UAEXXZ 0043de70 f   Dialog_AuctionDetail.obj
 0001:0003cf30       ?HideAllWindow@CDialog_AuctionDetail@@UAEXXZ 0043df30 f   Dialog_AuctionDetail.obj
 0001:0003cfb0       ??0CDialog_AuctionSell@@QAE@XZ 0043dfb0 f   Dialog_AuctionSell.obj
 0001:0003d0b0       ??_GCDialog_AuctionSell@@UAEPAXI@Z 0043e0b0 f i Dialog_AuctionSell.obj
 0001:0003d0b0       ??_ECDialog_AuctionSell@@UAEPAXI@Z 0043e0b0 f i Dialog_AuctionSell.obj
 0001:0003d110       ??0?$CTypedPtrArray@VCPtrArray@@PAVITEM_DETAIL@@@@QAE@XZ 0043e110 f i Dialog_AuctionSell.obj
 0001:0003d160       ??_G?$CTypedPtrArray@VCPtrArray@@PAVITEM_DETAIL@@@@UAEPAXI@Z 0043e160 f i Dialog_AuctionSell.obj
 0001:0003d160       ??_E?$CTypedPtrArray@VCPtrArray@@PAVITEM_DETAIL@@@@UAEPAXI@Z 0043e160 f i Dialog_AuctionSell.obj
 0001:0003d1b0       ??1?$CTypedPtrArray@VCPtrArray@@PAVITEM_DETAIL@@@@UAE@XZ 0043e1b0 f i Dialog_AuctionSell.obj
 0001:0003d1f0       ??1CDialog_AuctionSell@@UAE@XZ 0043e1f0 f   Dialog_AuctionSell.obj
 0001:0003d330       ?OnButtonAction@CDialog_AuctionSell@@UAEHHH@Z 0043e330 f   Dialog_AuctionSell.obj
 0001:0003d540       ?Draw@CDialog_AuctionSell@@UAEHPAVCDDSurface@@@Z 0043e540 f   Dialog_AuctionSell.obj
 0001:0003f090       ?SetScrollData@CDialog_AuctionSell@@QAEXXZ 00440090 f   Dialog_AuctionSell.obj
 0001:0003f130       ?RefreshData@CDialog_AuctionSell@@QAEXXZ 00440130 f   Dialog_AuctionSell.obj
 0001:0003f450       ??0ITEM_DETAIL@@QAE@XZ     00440450 f i Dialog_AuctionSell.obj
 0001:0003f560       ??_GITEM_DETAIL@@QAEPAXI@Z 00440560 f i Dialog_AuctionSell.obj
 0001:0003f5c0       ??1ITEM_DETAIL@@QAE@XZ     004405c0 f i Dialog_AuctionSell.obj
 0001:0003f640       ?Create@CDialog_AuctionSell@@UAEHPAVCDirectDraw@@VCString@@HHHH@Z 00440640 f   Dialog_AuctionSell.obj
 0001:0003f820       ?InitData@CDialog_AuctionSell@@QAEXXZ 00440820 f   Dialog_AuctionSell.obj
 0001:0003f880       ?DeleteContents@CDialog_AuctionSell@@QAEXXZ 00440880 f   Dialog_AuctionSell.obj
 0001:0003f970       ?SetAuctionData@CDialog_AuctionSell@@QAEXPAVITEM_AUCTION@@@Z 00440970 f   Dialog_AuctionSell.obj
 0001:0003fa20       ?OnLButtonDown@CDialog_AuctionSell@@UAEHPAVBBDX_MouseInformation@@@Z 00440a20 f   Dialog_AuctionSell.obj
 0001:0003faa0       ?OnLButtonUp@CDialog_AuctionSell@@UAEHPAVBBDX_MouseInformation@@@Z 00440aa0 f   Dialog_AuctionSell.obj
 0001:0003fb00       ?OnMouseMove@CDialog_AuctionSell@@UAEHPAVBBDX_MouseInformation@@@Z 00440b00 f   Dialog_AuctionSell.obj
 0001:0003fc70       ?AskAuctionMoney@CDialog_AuctionSell@@QAEXXZ 00440c70 f   Dialog_AuctionSell.obj
 0001:0003fcb0       ?CallBack_MessageBox@CDialog_AuctionSell@@UAEXHH@Z 00440cb0 f   Dialog_AuctionSell.obj
 0001:0003fd70       ?SendAuctionItem@CDialog_AuctionSell@@QAEXK@Z 00440d70 f   Dialog_AuctionSell.obj
 0001:0003fe60       ?RcvAuctionItem@CDialog_AuctionSell@@QAEXPAE@Z 00440e60 f   Dialog_AuctionSell.obj
 0001:000402a0       ?ShowWindow@CDialog_AuctionSell@@UAEXXZ 004412a0 f   Dialog_AuctionSell.obj
 0001:00040360       ?HideWindow@CDialog_AuctionSell@@UAEXXZ 00441360 f   Dialog_AuctionSell.obj
 0001:000403b0       ?HideAllWindow@CDialog_AuctionSell@@UAEXXZ 004413b0 f   Dialog_AuctionSell.obj
 0001:00040400       ?AuctionOpen@CDialog_AuctionSell@@QAEXPAE@Z 00441400 f   Dialog_AuctionSell.obj
 0001:00040790       ?SendGetAuctionItem@CDialog_AuctionSell@@QAEXXZ 00441790 f   Dialog_AuctionSell.obj
 0001:00040810       ?RcvGetAuctionItem@CDialog_AuctionSell@@QAEXPAE@Z 00441810 f   Dialog_AuctionSell.obj
 0001:00040910       ?DrawTipRect@CDialog_AuctionSell@@QAEXPAVCDDSurface@@AAVCRect@@H@Z 00441910 f   Dialog_AuctionSell.obj
 0001:00040dc0       ?ViewCaption@CDialog_AuctionSell@@QAEXPAVCDDSurface@@VCPoint@@VCString@@H@Z 00441dc0 f   Dialog_AuctionSell.obj
 0001:00040fe0       ?Add@?$CTypedPtrArray@VCPtrArray@@PAVITEM_DETAIL@@@@QAEHPAVITEM_DETAIL@@@Z 00441fe0 f i Dialog_AuctionSell.obj
 0001:00041020       ??A?$CTypedPtrArray@VCPtrArray@@PAVITEM_DETAIL@@@@QAEAAPAVITEM_DETAIL@@H@Z 00442020 f i Dialog_AuctionSell.obj
 0001:00041060       ??0CDialog_BlackMagic@@QAE@PAVCWnd@@@Z 00442060 f   Dialog_BlackMagic.obj
 0001:00041130       ??_ECDialog_BlackMagic@@UAEPAXI@Z 00442130 f i Dialog_BlackMagic.obj
 0001:00041130       ??_GCDialog_BlackMagic@@UAEPAXI@Z 00442130 f i Dialog_BlackMagic.obj
 0001:00041190       ??1CDialog_BlackMagic@@UAE@XZ 00442190 f   Dialog_BlackMagic.obj
 0001:000412a0       ?Create@CDialog_BlackMagic@@UAEHPAVCDirectDraw@@VCString@@HHHH@Z 004422a0 f   Dialog_BlackMagic.obj
 0001:00041480       ?Draw@CDialog_BlackMagic@@UAEHPAVCDDSurface@@@Z 00442480 f   Dialog_BlackMagic.obj
 0001:00041920       ?DragDraw@CDialog_BlackMagic@@UAEHPAVCDDSurface@@@Z 00442920 f   Dialog_BlackMagic.obj
 0001:00041a70       ?OnButtonAction@CDialog_BlackMagic@@UAEHHH@Z 00442a70 f   Dialog_BlackMagic.obj
 0001:00041b90       ?SetScrollData@CDialog_BlackMagic@@QAEXXZ 00442b90 f   Dialog_BlackMagic.obj
 0001:00041c40       ?InitData@CDialog_BlackMagic@@QAEXXZ 00442c40 f   Dialog_BlackMagic.obj
 0001:00041c90       ?OnLButtonDown@CDialog_BlackMagic@@UAEHPAVBBDX_MouseInformation@@@Z 00442c90 f   Dialog_BlackMagic.obj
 0001:00041e50       ?OnMouseMove@CDialog_BlackMagic@@UAEHPAVBBDX_MouseInformation@@@Z 00442e50 f   Dialog_BlackMagic.obj
 0001:00041eb0       ?OnLButtonUp@CDialog_BlackMagic@@UAEHPAVBBDX_MouseInformation@@@Z 00442eb0 f   Dialog_BlackMagic.obj
 0001:00042000       ?ShowWindow@CDialog_BlackMagic@@UAEXXZ 00443000 f   Dialog_BlackMagic.obj
 0001:000420b0       ?HideWindow@CDialog_BlackMagic@@UAEXXZ 004430b0 f   Dialog_BlackMagic.obj
 0001:000420f0       ?HideAllWindow@CDialog_BlackMagic@@UAEXXZ 004430f0 f   Dialog_BlackMagic.obj
 0001:00042130       ?OnKeyDown@CDialog_BlackMagic@@UAEHIII@Z 00443130 f   Dialog_BlackMagic.obj
 0001:00042180       ??A?$CTypedPtrArray@VCPtrArray@@PAVCMyMagicData@@@@QAEAAPAVCMyMagicData@@H@Z 00443180 f i Dialog_BlackMagic.obj
 0001:000421c0       ??0CDialog_BlueMagic@@QAE@PAVCWnd@@@Z 004431c0 f   Dialog_BlueMagic.obj
 0001:00042290       ??_ECDialog_BlueMagic@@UAEPAXI@Z 00443290 f i Dialog_BlueMagic.obj
 0001:00042290       ??_GCDialog_BlueMagic@@UAEPAXI@Z 00443290 f i Dialog_BlueMagic.obj
 0001:000422f0       ??1CDialog_BlueMagic@@UAE@XZ 004432f0 f   Dialog_BlueMagic.obj
 0001:00042400       ?Create@CDialog_BlueMagic@@UAEHPAVCDirectDraw@@VCString@@HHHH@Z 00443400 f   Dialog_BlueMagic.obj
 0001:000425e0       ?Draw@CDialog_BlueMagic@@UAEHPAVCDDSurface@@@Z 004435e0 f   Dialog_BlueMagic.obj
 0001:00042aa0       ?DragDraw@CDialog_BlueMagic@@UAEHPAVCDDSurface@@@Z 00443aa0 f   Dialog_BlueMagic.obj
 0001:00042bf0       ?OnButtonAction@CDialog_BlueMagic@@UAEHHH@Z 00443bf0 f   Dialog_BlueMagic.obj
 0001:00042d30       ?SetScrollData@CDialog_BlueMagic@@QAEXXZ 00443d30 f   Dialog_BlueMagic.obj
 0001:00042de0       ?InitData@CDialog_BlueMagic@@QAEXXZ 00443de0 f   Dialog_BlueMagic.obj
 0001:00042e30       ?OnLButtonDown@CDialog_BlueMagic@@UAEHPAVBBDX_MouseInformation@@@Z 00443e30 f   Dialog_BlueMagic.obj
 0001:00042ff0       ?OnMouseMove@CDialog_BlueMagic@@UAEHPAVBBDX_MouseInformation@@@Z 00443ff0 f   Dialog_BlueMagic.obj
 0001:00043050       ?OnLButtonUp@CDialog_BlueMagic@@UAEHPAVBBDX_MouseInformation@@@Z 00444050 f   Dialog_BlueMagic.obj
 0001:000431a0       ?ShowWindow@CDialog_BlueMagic@@UAEXXZ 004441a0 f   Dialog_BlueMagic.obj
 0001:00043280       ?HideWindow@CDialog_BlueMagic@@UAEXXZ 00444280 f   Dialog_BlueMagic.obj
 0001:000432c0       ?HideAllWindow@CDialog_BlueMagic@@UAEXXZ 004442c0 f   Dialog_BlueMagic.obj
 0001:00043300       ?OnKeyDown@CDialog_BlueMagic@@UAEHIII@Z 00444300 f   Dialog_BlueMagic.obj
 0001:00043350       ??A?$CTypedPtrArray@VCPtrArray@@PAVMBtnCtrlEx@@@@QAEAAPAVMBtnCtrlEx@@H@Z 00444350 f i Dialog_BlueMagic.obj
 0001:00043390       ??0CDialog_BoardCtrl@@QAE@XZ 00444390 f   Dialog_BoardCtrl.obj
 0001:00043440       ??_ECDialog_BoardCtrl@@UAEPAXI@Z 00444440 f i Dialog_BoardCtrl.obj
 0001:00043440       ??_GCDialog_BoardCtrl@@UAEPAXI@Z 00444440 f i Dialog_BoardCtrl.obj
 0001:000434a0       ??0?$CTypedPtrArray@VCPtrArray@@PAVLIST_DATA@@@@QAE@XZ 004444a0 f i Dialog_BoardCtrl.obj
 0001:000434f0       ??_G?$CTypedPtrArray@VCPtrArray@@PAVLIST_DATA@@@@UAEPAXI@Z 004444f0 f i Dialog_BoardCtrl.obj
 0001:000434f0       ??_E?$CTypedPtrArray@VCPtrArray@@PAVLIST_DATA@@@@UAEPAXI@Z 004444f0 f i Dialog_BoardCtrl.obj
 0001:00043540       ??1?$CTypedPtrArray@VCPtrArray@@PAVLIST_DATA@@@@UAE@XZ 00444540 f i Dialog_BoardCtrl.obj
 0001:00043580       ??1CDialog_BoardCtrl@@UAE@XZ 00444580 f   Dialog_BoardCtrl.obj
 0001:000436e0       ?Draw@CDialog_BoardCtrl@@QAEXPAVCDDSurface@@@Z 004446e0 f   Dialog_BoardCtrl.obj
 0001:00043740       ?InitData@CDialog_BoardCtrl@@QAEHPAVCDirectDraw@@PAVCChildView@@@Z 00444740 f   Dialog_BoardCtrl.obj
 0001:00043950       ?BoardMouseProcess@CDialog_BoardCtrl@@QAEHPAVBBDX_MouseInformation@@@Z 00444950 f   Dialog_BoardCtrl.obj
 0001:00043ab0       ?DrawMode@CDialog_BoardCtrl@@QAEXH@Z 00444ab0 f   Dialog_BoardCtrl.obj
 0001:00043c40       ?RemoveAllSaveList@CDialog_BoardCtrl@@QAEXXZ 00444c40 f   Dialog_BoardCtrl.obj
 0001:00043ce0       ??_GLIST_DATA@@QAEPAXI@Z   00444ce0 f i Dialog_BoardCtrl.obj
 0001:00043d40       ??1LIST_DATA@@QAE@XZ       00444d40 f i Dialog_BoardCtrl.obj
 0001:00043d90       ?BBS_PKT_Process@CDialog_BoardCtrl@@QAEXPAE@Z 00444d90 f   Dialog_BoardCtrl.obj
 0001:00043f90       ?BBS_SetOpen@CDialog_BoardCtrl@@QAEXPAE@Z 00444f90 f   Dialog_BoardCtrl.obj
 0001:00044030       ?BBS_SetList@CDialog_BoardCtrl@@QAEHPAE@Z 00445030 f   Dialog_BoardCtrl.obj
 0001:000440c0       ?BBS_SetRead@CDialog_BoardCtrl@@QAEXPAE@Z 004450c0 f   Dialog_BoardCtrl.obj
 0001:00044170       ?IsUnique@CDialog_BoardCtrl@@QAEHH@Z 00445170 f   Dialog_BoardCtrl.obj
 0001:000441f0       ?GetAt@?$CTypedPtrArray@VCPtrArray@@PAVLIST_DATA@@@@QBEPAVLIST_DATA@@H@Z 004451f0 f i Dialog_BoardCtrl.obj
 0001:00044230       ??0CDialog_BoardList@@QAE@PAVCWnd@@@Z 00445230 f   Dialog_BoardList.obj
[...]
FIXUPS: ac9b2 e 15 d c e d 17 a e 12 24 e d 8 d 30 e d f 1c 11 12 30 e
FIXUPS: acb82 5 d 17 a e 12 fffffb94 d e 15 d c e d 17 a e 12 24 e d 8
FIXUPS: ac862 30 e d f 1c 11 12 15 23 e d 8 d 34 e fffff8e4 4e 17 17 f0
FIXUPS: ac405 3e 12 8 a 10 15 17 15 15 17 17 18 b5 38 10 58 13 f 35 15
FIXUPS: ac6f7 e d 8 d 34 fffff753 15 1e 1d 15 17 c 1c 1d 15 21 f 24 1b
FIXUPS: ac003 40 10 8 a 10 15 16 11 75 17 4f 10 2f 10 36 17 51 fffff87a
FIXUPS: abb02 24 2f 10 45 13 8 8 8 8 8 1f 22 1a 2a 13 33 25 46 14 20 24
FIXUPS: abd83 20 24 10 14 e 43 4a b fffff866 10 83 13 8 8 8 21 22 1a 2a
FIXUPS: ab84f 33 22 46 14 1d 24 10 20 24 10 14 e 43 3d b 1d 15 1e 1d 15
FIXUPS: ab1d2 15 e 12 16 2c 14 1e 54 28 14 2e e 1c 86 16 45 48 48 21 16
FIXUPS: ab521 16 16 60 21 16 16 58 21 16 16 fffff84d 17 c 19 10 7 1a 46c65
FIXUPS: f1bc7 b fffb93d5 57 17 d 17 17 14 1e 10 7 d 3d 29 10 8 8 e 11 17
FIXUPS: ab16f 2b 24 fffff88a 27 27 27 27 27 27 27 27 4d 27 27 30 e 1d 1a
FIXUPS: aac9d 27 25 25 25 25 25 25 25 25 25 25 3d 52 b e fffff7a9 20 2b
FIXUPS: aa6e1 21 c f 1a 4744d 9 9 b fffb8c3d f 11 38 3b 28 18 d 10 c c
FIXUPS: aa900 10 27 27 27 27 27 27 27 fffff9cd 8 10 14 c f 24 e e e e 2c
FIXUPS: aa4d1 14 2e 14 14 2e 14 14 2e 14 14 15 8 16 14 24 c 6 7 c fffff905
FIXUPS: a9f8a 16 13 13 13 26 47b35 9 c c c c b fffb8754 19 b b 12 b b 12
FIXUPS: aa347 d 8 16 d 8 b 12 1f e fffff938 f 16 16 16 16 16 f 15 16 14
FIXUPS: a9dea 16 f 11 f 11 f 11 16 10 f 16 14 16 11 19 16 11 14 19 16 fffffb7e
FIXUPS: a9af5 c e 11 d e c e c e c e c e 11 12 11 16 16 16 16 f 11 16 13
FIXUPS: a9c8c 16 16 16 16 16 fffffb3e 25 1a 12 12 1d d 1a 1a 34 14 14 14
FIXUPS: a997d 14 14 14 14 14 19 14 1d 16 f 1d 1f d e c e c e fffff8a0 d
FIXUPS: a93c7 e 10 d 1a 1a 1a 1a 18 18 1a 53 21 21 31 56 2b 22 d 35 2a
FIXUPS: a96b6 51 31 10 3f 21 2e 2d 29 fffff7f3 15 31 28 2c 2f 2f 2e c f
FIXUPS: a9172 22 17 1e a 18 11 14 14 14 15 15 1a 2b 10 12 11 18 18 18 22
FIXUPS: a936b fffff8b6 10 109 14 23 23 17 17 11 15 1d d f 18 14 1e 3c 17
FIXUPS: a8ed3 15 17 15 15 1c 1e 1d d 1d 1e 1c d 17 fffff8fc b b c 7 7 7
FIXUPS: a8946 c 10 12 18 41 13 d d b c 10 2b 1f 1e 21 25 25 14 21 f 20
FIXUPS: f1b14 c b fffbfec5 ac 11 4b 44 11 4a 50 b 6b 5a 19 10 ffff6959
FIXUPS: a863e d 33 d 33 10 30 d 86 13 13 67 2e 17 17 19 60 8 85df 8a b4
FIXUPS: b1119 1c d 16 24 30 8a b1 fb 1c d 16 24 30 8a b4 101 1c d 16 24
FIXUPS: b1747 8a b1 fb 1c d 16 24 ffffe9c4 8a b4 101 1c d 16 24 30 8a b1
FIXUPS: b08ac 1c d 16 24 30 8a b4 101 1c d 16 24 30 8a b1 fb 1c d 16 24
FIXUPS: af9f9 28 22 28 22 d 52 8b 15 8b c 1b 46 8 43 c 43 1f1 1a 76 14
FIXUPS: affef 33 60 10 c3 35 5e 10 60 10 e7 fffff222 1c 1c 3e 8 46 37 20
FIXUPS: af694 1f 1a 425a7 b fffbdad7 8 19 18 f 17 424df b fffbdbcf 22 25
FIXUPS: af8d7 25 22 25 22 28 22 28 fffff6c0 27 17 4f b f 27 16 1c 1c 3e
FIXUPS: af1f9 46 37 12 64 16 1c 1c 66 e 31 37 33 f 13 10 d 5e 4c 1e b 53fc
FIXUPS: ae854 b b 1f 48 30 13 13 8c 30 5e 30 15 19 d 67 21 44 21 17 7a
FIXUPS: aec5a 15 1c 42 e0 7d 30 15 3b 42 5640 21 26 1d 27 12 2b 38 15 27
FIXUPS: b4684 38 10 35 3b 10 13 17 15 d 44 10 18 38 10 1d 29 15 45 10 1d
FIXUPS: b4942 fffff6db 26 1d 27 12 2b 38 15 27 1c 38 10 35 3b 10 13 17
FIXUPS: b425b d 44 10 18 38 15 3c 12 47 21 1f 4c 29 9e fffff683 8 11 17
FIXUPS: b3bc9 d 2b 21 23 28 23 28 23 13 18 2b 13 10 2d 13 10 38 15 3c 12
FIXUPS: b3e86 21 1f 4c 29 9e 23 fffff7b1 23 28 23 13 18 2b 41 63 d 47 24
FIXUPS: b39d2 10 5f 1c 12 12 17 3e23c b fffc1ded c 8 13 a 11 17 d 33 19
FIXUPS: b3b85 fffff8dd 47 24 45 10 5f 1c 12 12 17 3e6dc b fffc194d c 8
FIXUPS: b3633 a 11 17 d 33 19 7 7 8 11 17 d d 2b 21 23 fffff0fd 70 1b 62
FIXUPS: b297d 22 1c 6e 14 8e 75 25 40 34 38 46 36 24 40 3e 3b 11 1b 15
FIXUPS: b2f71 19a 1d8 1d 7a 37 41 63 ffffea59 4d d c9 13 13 4c 2b 18 16
FIXUPS: b20ad 2b 18 16 d 30 26 2a 33 84 22e 1d 1d 41 5f 21 15c 55 b8 14
FIXUPS: b2802 30 22d4 13 f 17 f 20 f 1c f 18 f 1a 3d10b 9 b fffc2f1d 12
FIXUPS: b1d09 5 d 33 d 33 10 4d d 21 5 d 33 d 33 4200 8 9 e 13 15 21 3bdee
FIXUPS: f1eff fffc4242 19 3b 19 37 d 2f 13 10 31 19 33 13 10 ffffe6af 19
FIXUPS: b49e1 13 13 43 d 4d 38 130e 1b 10 40 e e e c e d 1e 1b 10 40 15
FIXUPS: b5f57 d 4d 9 d b 1d 9 22 14 12 d f e b 9 e 3bdf7 fffc3bf6 1a 25
FIXUPS: b5ae0 1e 11 17 3c37f e fffc3cc2 25 28 28 17 3c2d4 e fffc3d51 b
FIXUPS: b5c5b 1c 35 2e 11 3b 17 4b e e e c e fffff856 120 16 32 12 16 c
FIXUPS: b57d1 11 16 12 5c 12 16 14 c 13 11 1b 12 16 1a 3c515 b fffc3b2a
FIXUPS: b5993 25 28 2d 11 17 3c440 fffc3252 28 73 1e 39 1e 3c 3cc02 1a
FIXUPS: f1e3a fffc343c b 26 1c 74 15 12 79 25 2d 11 15 1f 1a 5f 11 36 37
FIXUPS: b5585 10 2c 14 fffff85c d 58 b 18 32 20 b 18 32 20 f f f f f f
FIXUPS: b4fe9 f 12 17 3cd66 c c c c c c c c b fffc328b 1b1c 1b 8 d 3f 18
FIXUPS: b6c2e 12 ffffe049 12 f f f f f 11 11 5c 3cfb3 c c c c c c c b fffc301b
FIXUPS: b4da4 13 3a d 1a0b 1c 40 3c c f 21 c f 20 3b5fc 9 1d c b fffc49f6
FIXUPS: b695a a 19 3c 37 16 29 2c 1a 16 1b 40 18 35 14 1e fffff946 33 10
FIXUPS: b651e d 61 f 10 7 f 19 13 10 d a 1a f 25 1e 41 c 10 b 4a 3c c f
FIXUPS: b67a0 37 a 8 12 1409 19 2d 10 8c 2a 29 2a 22 21 10 ffffef17 13
FIXUPS: b6d42 46 2f be b 20 b 29c fffff22c 26 38 13 10 2d d 2b 5 d 33 10e9
FIXUPS: b7596 19 16 1e 1c 1f c8 2e b e 1c 1f 113 29 b c c f 1a 3a674 9
FIXUPS: f1f76 9 b fffc5a8f ba 1c 17 2b 6d 1d fffff635 31 13 13 80 1d 49
FIXUPS: b7346 22 d bc 8 d 46 8 8 f c 10 8 10 19 c a 10 10 c f 11 9 c c
FIXUPS: b90da 29 24 19 47 b 6b 49 19 e 10 35 4b 1a 45 10 35 3b 10 13 17
FIXUPS: b942b d 44 10 18 38 10 1d 29 15 ffffdc3a 1c45 12 e 22 f 10 f 2f
FIXUPS: b8e7e 7 7 8 c 1d d f d f f d 30 18 2c 18 34 13 10 31 12 45 18 20
FIXUPS: b893d 11 48 25 67 395f2 b fffc6a3d 10 2a 36 10 23 8 48 3d 53 e
FIXUPS: b8c03 2c 17 50 18 1a 17 39355 b fffc6cdd c 8 17 26 fffff735 f d
FIXUPS: b84fa 24 21 40 31 49 80 14 12 f 1a 398ec 1d 20 e fffc671e 16 13
FIXUPS: b8759 13 38 20 4e 32 20 39 11 36 20 fffff630 13 5f 12 17 39fc8
FIXUPS: f1fa2 fffc606a 41 3f 18 35 1d d a6 19 d aa 19 d a5 20 1c 19 d 2b
FIXUPS: b83e4 13 55 17 18 13 21cf 3a e 3b 1c d 39 4b 1a 45 10 35 3b 10
FIXUPS: ba88f 17 15 d 44 10 18 38 10 1d 29 15 ffffd48b 39 d 2e 19 32 234b
FIXUPS: ba274 c 1d d f d f f d 30 18 2c 18 34 13 10 31 12 45 18 20 26 29
FIXUPS: ba507 19 47 b 6b 49 19 e fffff7d0 16 2c 17 66 18 28 5c 18 13 7f
FIXUPS: ba076 18 1a 17 38005 b fffc802d c 8 17 26 59 12 e 22 f 10 f 2f
FIXUPS: ba25e 7 fffff6e8 22 2e 1b 38 19 31 22 34 2f 385c6 e fffc7a73 25
FIXUPS: b9b92 38512 b fffc7b1d 10 2a 36 10 23 8 48 3d 16 3c 1a 1e 36 53
FIXUPS: bd5bd d4 b1 a7 cc 99 f7 99 b0 4a ffffb9b9 20 30 13 13 71 a2 3c
FIXUPS: b976f 32 13 13 62 20 27 19 12 17 387a5 b fffc78a2 18 2dcb 1f 5a
FIXUPS: bc77f c2 1f 5a 1f 79 1f c3 21 1a0 2f 1a c c 100 3f 2f 1a c c 14f
FIXUPS: bcf75 1d7 1c9 1f4 17 20 27 10 ffffe756 b7 41 78 1e 2f 6e 1e 5e
FIXUPS: bbf92 87 1e 59 1e b2 1e 59 1e 69 1e 94 21 3c ce 42 79 1f 2f 6f
FIXUPS: bc5d2 5f 1f 35b76 b fffc918e 10 12 1a 36e49 b fffc920c 21 6f 21
FIXUPS: bb53e 5c 85 4e b0 4e 64 38 64 21 78 21 9c 5d 86 4f b1 4f 65 38
FIXUPS: bb111 1d 37026 9 9 b fffc901c c 10 c 17 b 15 c f 1a 36f63 9 9 b
FIXUPS: bb27d c 10 c 17 b 15 c f 1a 36ea3 9 fffc8c17 19 33 1e 12 13 f 4d
FIXUPS: baed2 f 1d 37226 9 9 b fffc8e0f 1a 15 9 14 1f f 10 19 2a 1b 8 13
FIXUPS: bb062 2a 63 13 fffff961 27 21 3763c 9 b fffc8a05 22 12 17 375bc
FIXUPS: f2112 fffc8a82 1b c 9 24 18 d 47 1b 2d 19 1b 10 69 1a 15 9 14 20
FIXUPS: badc4 3567 35 1e 19 35 36 d 3c 49 4c 33 1c 20 12 50 21 50 32 32
FIXUPS: be693 5d 17 45 6a 3a 16 60 54 d ffffc162 19 17 6ab9 33 d 33 d 33
FIXUPS: c15d2 33 d ffffc962 b b 37 30 13 13 74 38 1f 3d 32 12 2f 1e 19
FIXUPS: be1fe 2f d 42 12 3d 41 2cf1 33 27 20 1e 33 10 5e d 47 d 51 d 54
FIXUPS: c1256 3d 16 d5 16 f 1a 1c 12 1c 12 1c f 11 3e 23 18 37 fffff6db
FIXUPS: c0c0d 2e 39 26 1b 29 2b a 1c 16 36 15 37 15 38 2c 17 13 d 4e c
FIXUPS: c0ede 7 1c 29 27 30 1b 11 1a 1c fffff740 1e 3c 12 2d 30 26 12 2d
FIXUPS: c0881 1f 12 24 26 29 32 8 12 2e 1b 1e 1c 2d 1e 35 2d 37 2d 2f 2c
FIXUPS: c0b8d 27 fffff776 7 1d 1c 10 1d 50 8 8 14 12 2e 1b 17 c d 10 16
FIXUPS: c04f6 23 53 36 1f 21 22 63 8 12 2e 1b 24 8 fffff85d 26 a 22 7 1d
FIXUPS: bffec 4e 1c 11 1a 26 3e 27 47 18 26 a 22 7 1d 21 18 26 a 22 7 1d
FIXUPS: c02b1 18 35 a 31fbc 9 c c 9 1d 20 20 20 20 20 e fffcd8eb 14 1f
FIXUPS: bfd29 12 4f 1c 11 1a 26 3e 27 30 18 26 a 22 7 1d 21 fffff864 21
FIXUPS: bf80c 12 20 21 6d 14 44 21 4c 12 20 21 6d 14 44 21 4c 12 20 21
FIXUPS: bfbd6 f 16 c f 10 16 c f 20 fffff7b8 19 19 23 f 24 33 21 19 1e
FIXUPS: bf551 1a 19 f 2b 13 1c f 27 c 20 15 1b 20 19 2c 24 2f 7 7 7 f fffff95b
FIXUPS: bf0ca e 12 13 3a 2b f f f 12 1a 3309c c c c f b fffccf97 4c 19
FIXUPS: bf2ae 12 1a 26 25 1b 5e 1a 32eec b fffcd167 fffff95b 13 10 2d 13
FIXUPS: bede4 2d 13 10 2d 13 10 75 17 2c 14 e 12 13 b 2c 14 e 12 13 b 2c
FIXUPS: bf04c e 12 13 b fffff8b6 f 12 12 1f 67 a9 33765 c c c f b fffcc88c
FIXUPS: beae4 13 3a 19 37 d 33 19 37 d 33 19 37 d 33 19 37 d 2cf2 1e 19
FIXUPS: c1a9c 36 d 3c 49 4c 33 1c 20 12 50 21 50 32 32 d 5d 17 45 6a 3a
FIXUPS: c1ed6 60 54 d ffffc972 b b 12 13058 29 15 45 10 1d 29 15 fffefbcd
FIXUPS: c164f b 37 30 13 13 74 38 1f 3d 32 12 2f 1e 19 35 2f d 42 12 3d
FIXUPS: c19dc 1f fb12 49 19 e 10 3a e 3b 1c d 43 10 35 3b 10 13 17 15 d
FIXUPS: d179c 10 18 6a 13 28 43 10 1d 29 15 45 10 fffff68f 9e 23 21 26
FIXUPS: d1120 27 12 2b 38 10 35 3b 10 13 17 15 d 44 10 18 31 12 45 18 20
FIXUPS: d13ea 29 24 19 47 b fffff6c7 23 21 26 1d 27 12 2b 38 10 18 38 15
FIXUPS: d0d28 32 42 10 13 17 15 d 44 10 18 38 15 3c 12 47 21 1f 4c fffff5e4
FIXUPS: d0602 29 9e 23 21 26 1d 27 12 2b 38 10 35 3b 10 13 17 15 d 44 10
FIXUPS: d0934 38 15 3c 12 47 21 1f 4c 29 fffff728 18 36 13 10 2d 13 10
FIXUPS: d02e1 13 10 2d 13 10 2d 13 10 2d 13 10 52 18 1a 17 223e5 b fffddc4d
FIXUPS: d04e1 3c 12 47 21 fffff9bb 22902 b fffdd72d c 8 13 26 13 1d c 1b
FIXUPS: d003f 10 f 37 19 7 7 8 c 16 e a f d 37 21 23 1d 13 1b 2265f fffdd3bd
FIXUPS: cfc08 8 17 26 59 12 e 22 f 10 f 2f 19 7 7 8 c 1d d f d f f d 30
FIXUPS: cfe39 2c 18 49 25 fffff7b0 67 23112 b fffdcf1d 10 23 8 48 3d 16
FIXUPS: cf84e 1a 1e 36 53 e 16 2c 17 66 18 28 5c 18 13 7f 54 18 1a 17 22c75
FIXUPS: cf39f 12 17 2342c b fffdcbfd c 8 13 a 11 17 d 33 19 7 7 8 11 17
FIXUPS: cf4f9 d 2b 21 23 28 23 28 23 13 18 40 2315e b fffdc88d c 8 13 a
FIXUPS: cf0ae 17 d 33 19 7 7 8 11 17 d d 2b 21 23 28 23 28 23 13 18 2b
FIXUPS: cf312 5f 1c fffff906 a 11 17 d 33 19 7 7 8 11 17 d d 2b 21 23 28
FIXUPS: cee30 28 23 13 18 2b 41 58 10 67 1c 12 12 17 fffff8fd d 33 19 7
FIXUPS: ce99c 8 11 17 d d 2b 21 23 28 23 28 23 13 18 2b 41 5f 1c 12 12
FIXUPS: cec38 23b7c b fffdc4ad c 8 fffff77e 91 3c 78 68 10 40 f 16 38 d
FIXUPS: ce695 d 2f 41 63 d 47 24 64 1c 12 12 17 23eec b fffdc13d c 8 13
FIXUPS: ce90d 11 23e36 9 1a e fffdaefb 3a 2f 25 17 2f 25 14 2f 25 2b 1f
FIXUPS: cd838 192 122 20 16b 120 20 5f 45 10 87 fd 1b 10a 153 187 ffffee26
FIXUPS: cd22e f 2a 16 1f 25498 b fffdabbd 18 65 f 4c 3a 2f 25 17 2f 25
FIXUPS: cd4e1 2f 25 2b 1f 13 32 14 14 14 c f 1a fffff74f 3e e 1b 18 d 3e
FIXUPS: cce5c 1b 18 25 2e 25 25 25 3e e 1b 18 d 8e 21 28 1a f 2a 16 1f
FIXUPS: f2714 b fffdaaac 21 fffff6cb 19 f 1a 25dcb 9 b fffda274 18 d 134
FIXUPS: ccabf ad c c f 17 25b3a 9 9 b fffda4ec 2d 23 23 25 23 25 25 23
FIXUPS: ccd3a 25 fffff832 1b 25 22 1f e 20 16 19 c 19 19 18 16 17 18 1b
FIXUPS: cc731 2d 1b 18 17 3a 1b c 18 1b 26 14 18 8 8 fffff9c8 c 19 18 16
FIXUPS: cc2ce c 2d 1b 15 d 4f 18 b 39 d 8 f c 8 8 2a 2a 18 37 12 18 18
FIXUPS: cc52c 1b 1c 16 fffff7bc 1a f 1a 2692c b fffd9736 15 15 15 15 15
FIXUPS: cbe5d d 1ff 18 3e 14 15 d 57 8 a 12 18 1d 16 1b 22 1f 1d 1a fffff687
FIXUPS: cb8f8 23 25 23 25 25 23 25 25 25 3e e 1b 18 d 3e e 1b 18 25 2e
FIXUPS: cbbc2 25 25 3e e 1b 18 12 4f 21 fffff751 36 2d 23 23 25 23 25 25
FIXUPS: cb5bc 25 25 25 3e e 1b 18 d 3e e 1b 18 25 2e 25 25 25 3e e 1b 18
FIXUPS: cb8a8 ffffeadb 98 12 129 e1 219 1f 10 9c 50 10 87 9f 1b 48 c2 1e
FIXUPS: cacc7 fd 1f 10 48 10 88 98 12 11b de 20b 1f 10 97 ffffe39a 2e 10
FIXUPS: c984e d 15 12 80 17 d 45 10 87 98 12 104 e0 f9 1f 10 43 10 87 bd
FIXUPS: c9f61 10d e9 11c 1f 10 49 10 ffffe3e2 12 113 de 203 1f 10 49 10
FIXUPS: c8bf2 98 12 114 1cc 1f 10 9e 52 10 87 c3 12 11a 25c 80 10 96 33
FIXUPS: c96e8 6e 17 d ffffe0c1 87 b8 12 111 1eb 1f 10 6a 4a 10 87 9f 1b
FIXUPS: c7f0b 11b 3f 26 6e 18 16 153 18e 26 70 18 19 80 10 4c 10 8a ffffed44
FIXUPS: c7398 d 11 d 2f d 11 d f d 11 d f d 11 d f d 11 d f d 12 d 28 139
FIXUPS: c76a4 17 b6 18 a2 fffff11c 21 13 21 d 56 42 1b e 39 11 33 e 1b
FIXUPS: c6b21 21 13 21 d 4b 22 d 7a d 43 d 3be 1f9 2d 1a 3a 70 fffff139
FIXUPS: c64cf 1a 2b 16 15 3d 26 21 a 13 21 36 58 37 67 21 21 1b e 23 e
FIXUPS: c67ee 36 d 4e 42 1b e 23 e 1b fffff788 21 a 1a 2c581 9 b fffd3ab2
FIXUPS: c615d 15 14 15 12 1b 15 15 29 54 42 1b 1b 2b 16 15 3d 26 21 a 13
FIXUPS: c63ff 36 3e fffff839 1c 72 42 1e 15 15 15 42 29 19 3d 21 4a 1b
FIXUPS: c5f2c 33 b 6 7 f 20 c 27 b 6 7 f 30 16 15 3d fffff71a 14 5c 14
FIXUPS: c58a4 14 95 14 65 14 4e 14 1a 1b 14 31 34 2cb7b b fffd34c3 3a 32
FIXUPS: c5be5 13 d 14 d 15 15 15 15 1d fffff613 5 4b 1b 4b 2c 46 38 13
FIXUPS: c542a 40 13 d 5b 1a 3b e 31 2d 25 1a 2d050 b fffd302b e 21 1a 27
FIXUPS: c5707 1b 9 f fffff61c 26 15 1f 1f 10 90 9f 54 c c c c c c c d 81
FIXUPS: c505b c c d 3d 8 1a 1f 28 5c 27 63 6c 5 fffff57d 1d 5b 50 e f 1d
FIXUPS: c4919 32 2a b 61 2a 2b 2a 25 2a 2b 2a 6f 12 12 2b 12 12 56 25 29
FIXUPS: c4c98 2c e 1d fffff61f 2c 1a 32 35 11 13 1b 38 4d 1d 12 2c 16 2e
FIXUPS: c4544 20 e 2c e 1d 5b 26 4c 27 19 11 29 4f 53 e 2c fffff5e6 25
FIXUPS: c3e22 3c 16 12 1c 2f 21 10 17 17 2b 3c 12 e 1c 1d 20 f 1f cd 80
FIXUPS: c41de 18 37 4e 16 3c 8 d 1a 2e29c f f f f f f f f b fffd0560 d
FIXUPS: c2bd3 f 2e c5 1e 30 1e 18 d a0f 75 142 18 7a 1a 116 c9 16 17b 52
FIXUPS: c2972 e e e b e 12 12 12 12 12 12 12 12 1b 1c 12 12 12 f f f 12
FIXUPS: c2b0b 2fa0c c c c f f f 18 fffffef5 f f f f f 1a 1d e fffd00cc
FIXUPS: c25e4 13 3a 19 37 d 33 13 10 7a 1a 3a 52 52 36 14 30 20 e 23 27
FIXUPS: c2964 fffff779 1c 21 12 12 12 12 14 12 12 12 c3 37 168 18 5c 2f
FIXUPS: c24cd 18 83 38 2fe27 c c c f f f 18 18 f f fffece5c 15 45 10 1d
FIXUPS: df372 15 5a 10 1d 29 1b 32 13855 e fffcf2f2 12 f f 12 12 12 12
FIXUPS: c205f e e e e e e e e 1cd75 29 12 2b 42 15 27 32 42 10 35 3b 10
FIXUPS: df03f 17 15 d 44 10 18 38 15 27 23 41 10 1d 29 15 45 10 1d fffff69e
FIXUPS: de949 2b 38 15 27 1c 38 10 35 3b 10 13 17 15 d 44 10 18 38 15 3c
FIXUPS: dec1f 47 21 1f 4e 2b 9e 23 21 26 fffff5f2 2b 38 15 27 1c 38 10
FIXUPS: de551 3b 10 13 17 15 d 44 10 18 38 15 3c 12 47 21 1f 4c 29 9e 23
FIXUPS: de8cd 26 1d fffff5dc d 39 4b 1a 45 10 35 3b 10 13 17 15 d 44 10
FIXUPS: de124 38 15 3c 12 47 21 1f 4c 29 9e 23 21 26 1d 27 fffff67c 2e
FIXUPS: ddac4 10 2d 13 10 2d 13 10 2d 13 10 31 12 45 18 20 26 29 24 19
FIXUPS: ddd57 b 6b 49 19 e 10 3a e 3b fffff775 d 33 19 7 7 8 11 17 d d
FIXUPS: dd721 21 23 28 23 28 23 13 18 5f d 47 33 4a 10 36 15 20 28 32 3c
FIXUPS: dd19d 23 28 23 13 18 2b 41 77 42 5f 10 42 15 20 28 34 40 1c 68
FIXUPS: dd57d 12 12 17 156fc b fffea92d c 8 13 a 11 fffff824 63 d 40 10
FIXUPS: dcf71 1c 12 12 17 15ccc b fffea35d c 8 13 a 11 17 d 33 19 7 7 8
FIXUPS: dd0d5 17 d d 2b 21 23 fffff9da 12 17 160fc b fffe9f2d c 8 13 a
FIXUPS: dcbee 17 d 33 19 7 7 8 11 17 d d 2b 21 23 28 23 28 23 13 18 2b
FIXUPS: dc6e5 7 8 c 1d d f d f f d 30 18 2c 18 34 41 63 d 47 24 45 10 3a
FIXUPS: dc9f1 20 28 32 3c 1c 5e 1c fffff752 e 16 2c 17 66 18 28 5c 18 13
FIXUPS: dc4a2 54 18 1a 17 16715 b fffe991d c 8 17 26 59 12 e 22 f 10 f
FIXUPS: dc6c5 19 fffff6c4 33 d 2f 13 10 31 19 33 13 10 45 24 49 25 67 16c22
FIXUPS: f2c3f fffe940d 10 2a 36 10 23 8 48 3d 16 3c 1a 1e 36 fffff5c5 24
FIXUPS: db84e 39 2b 65 29 22 29 24 29 39 2b 26 f 18 6f 10 15 17 2a af 10
FIXUPS: dbc75 18 38 19 37 d 33 d 33 fffff557 1f 4c 11 10 40 1a 3b d 43
FIXUPS: db490 21 20 25 1f 7 1b 47 2c 29 24 29 39 2b 2a 49 29 22 29 22 29
FIXUPS: db7d8 fffff6da e 33 4f 3e 2d 25 3b 1e 1e 1d 1e 1d 20 a a a 14 15
FIXUPS: db112 10 43 21 18 1f 7 1b 39 29 21 29 36 fffff79d 12 4f d 39 27
FIXUPS: dab39 46 d 43 d 3b 1d b 30 2b 14 21 35 10 33 c 1d 19 3b 33 18 1f
FIXUPS: dae35 1b 30 e fffff719 25 13 10 31 25 12 80 25 1a 10 31 25 17 25
FIXUPS: da7e9 25 23 66 25 1a c 31 25 10 38 35 17 d 46 15 15 fffff65e 12
FIXUPS: da0c1 7 12 26 f 10 59 1b 4a 10 c 12 29 26 1898b e fffe76c8 1b 2b
FIXUPS: da319 23 108 28 12 29 28 18746 e fffe7941 f fffff79f 14 1a 15 5f
FIXUPS: d9dc5 14 29 20 1b 33 11 14 17 19 30 1f 10 10 31 1f 10 10 31 1d
FIXUPS: da002 10 33 f 26 13 13 fffff89b 8 8 47 19 2c 40 15 36 1f 2c 1a
FIXUPS: d9aea 18 35 11 14 24 14 1a 15 34 11 14 29 10 e 11 14 41 11 14 fffff8ab
FIXUPS: d95cb 34 2c 13 47 1a 33 1f 14 15 a 13 18 23 41 15 29 14 16 15 a
FIXUPS: d984d 16 15 15 a 13 19 4d e 15 fffff813 3c 2f 18 29 21 1d 2b 19
FIXUPS: d92bf 2b 14 15 11 38 35 14 15 a 18 5b e 26 3c 2f 18 29 14 8 8 8
FIXUPS: d954b fffff4fb 2e 2b 8c f b 8 1e 8 13 23 8 8 20 1b 28 20 1b 3b
FIXUPS: d8cc3 f 10 6c 15 99 62 239 40 8 8 28 e fffff5cb e 1a 9 12 b 8 1e
FIXUPS: d8764 13 23 8 8 2f 2a 3a 2f 2a 41 2f b 9 15 15 23 20 c 17 1b 2e
FIXUPS: d89fa 27 fffff83c c d e 30 19 2b 20 44 1f 7 1b 25 2b 50 41 33 23
FIXUPS: d852f 12 17 17 e 49 13 33 28 22 7 1b 25 2e fffff637 1f 7 1b 25
FIXUPS: d7d93 27 40 45 16 36 22 24 22 1a 61 24 16 36 22 24 22 62 46 33
FIXUPS: d8144 54 17 e 49 13 39 fffff5d8 18 1f 7 1b 25 20 1c 4f 30 29 20
FIXUPS: d79c5 28 2e 7 21 25 23 1f 4a 3a 33 23 5b 12 17 17 e 50 13 4d fffff6c7
FIXUPS: d73ab 1b 3f 2c 20 1f 4a b e 48 1b 3b e 12 29 28 1b5d3 e fffe4a5b
FIXUPS: d7651 23 58 17 e 10 46 13 3c 30 19 2b fffff75f 17 34 1a 18 e 3c
FIXUPS: d7068 2a e 28 8 f 1a 1ba8b b fffe45b9 f 5c f 36 11 27 16 33 27
FIXUPS: d72cb 14 38 8 15 4e fffff814 31 7 2a 2e 3a 2e 1a 1be90 e fffe41c2
FIXUPS: d6d15 50 1b 3d 17 1bd91 e fffe42b6 b 3e 35 15 e 14 15 e 11 15 e
FIXUPS: d6f46 15 fffff557 40 98 f 5b 4d 2d 4d 2f 4b 36 28 27 3b 39 11 10
FIXUPS: d6874 4d 4d 2d 42 24 49 20 27 73 35 28 36 11 20 fffff4cd 57 e 19
FIXUPS: d60df 28 7 1b 25 2e 38 15 1a 1c922 e fffe3701 10 31 13 1c a 10
FIXUPS: d62db 2e 13 37 27 2c 46 60 12 1d fffff8b2 f f 9 e f c f d 20 38
FIXUPS: d5e18 19 1e 1d d c c f 1a 1cc0a 9 9 b fffe3439 25 23 1a 1b 4e 1a
FIXUPS: d6017 fffff92c 4a 10 c 12 29 26 1d03b e fffe3045 1b 4e 10 c 12
FIXUPS: d5b58 26 1cef7 e fffe3155 1b 3b 10 c 12 29 26 1cdfa e fffe3243
FIXUPS: d5d05 1c fffff896 3b 2d f 10 3d f b 8 1e 8 13 23 8 8 20 1b 28 20
FIXUPS: d57a7 3b 31 f 10 33 b 10 8 29 c d 5e fffff822 18 1e 2b 12 1a 10
FIXUPS: d5264 33 54 30 32 2a 1c 3c 38 27 27 36 f b 8 1e 8 13 23 8 8 20
FIXUPS: d5554 28 20 fffff6d2 3d f 47 10 e 16 23 13 80 a 6c 24 7 73 1b 2e
FIXUPS: d4f4f 1b 30 e 24 37 2e 7 27 1b 2e 7 27 8 1f fffff739 1e 12 15 d
FIXUPS: d48cf d 35 14 e 23 8 33 1a 3c 23 20 7 1a 44 18 4a d 3b d 33 d 43
FIXUPS: d4bd6 3b d 43 fffff86d 2a 2a 2a 2a 10 22 2a 23 c 42 1d 16 22 c
FIXUPS: d46ae 1f 1b f 2b 17 20 f 1a 1e242 9 1a 1d 1a b fffe1dcc 16 fffff82b
FIXUPS: d4089 17 3b f 2e 11 5b 2a 2a 2a 2a 2a 10 a 11 33 15 19 18 f 1a
FIXUPS: d435d 36 17 3d 15 14 32 21 17 2a fffff6cd 1d c 10 b6 d 3f 13 36
FIXUPS: d3d27 23 8 f 42 1e 10 30 33 8 10 27 19 77 1d d 5d 16 28 18 2b b
FIXUPS: d4028 fffff6ad 2a 26 8 1c 19 21 16 17 18 31 f 31 f 24 12 f 40 3c
FIXUPS: d3926 41 59 e 57 14 8 1c 19 10 29 12 57 fffff6a5 2f 7 2a 42 14
FIXUPS: d328f 5a 8 5d 39 20 14 16 33 16 43 25 18 a 8 8 b 49 6c e 62 51
FIXUPS: d3650 19 8 5d fffff614 8 b b 49 7a 3c 3c 49 14 1d 1c 19 10 5b 1d
FIXUPS: d2f84 c 10 b3 13 31 8 27 8 8 c 1c 62 10 8 1e fffff763 8 5d 39 20
FIXUPS: d29cb 16 33 16 43 25 18 1d 19 8 5d 7 2a 26 8 1c 19 21 12 15 2b
FIXUPS: d2c5b 2b f 24 12 f fffff82a 13 2f e 13 e 1b 26 1c d 40 2c 1e d
FIXUPS: d26a7 8 27 8 8 c 1c 62 10 8 1e 27 2f 7 2a 42 14 1c fffff943 20778
FIXUPS: f2969 f f f f b fffdf861 13 13 3d d 36 23 27 1c e 2f e 13 e 1b
FIXUPS: d23ca 1c d 55 1c e 23 35 1c fffff86b d 33 19 37 d 33 d 33 13 10
FIXUPS: d1f0d 52 21 39 3a 1e 3a 14 33 32 26 e 2f 18 1a 12 12 12 12 12 15
FIXUPS: df521 13 13 cf 7 22 ffff248f 17 12 12 12 12 24 18 39 18 39 18 af
FIXUPS: f289a f f f f f 1a 1d 1d e fffdf3aa 13 13
